Archive member included to satisfy reference by file (symbol)

/home/nick2/optee-dependencies/Jetson_Linux_R35.4.1_aarch64/Linux_for_Tegra/sources/tegra/optee-src/nv-optee/optee/build/t234/export-ta_arm64/lib/libutils.a(trace.o)
                              ./hello_world_ta.o (trace_printf)
/home/nick2/optee-dependencies/Jetson_Linux_R35.4.1_aarch64/Linux_for_Tegra/sources/tegra/optee-src/nv-optee/optee/build/t234/export-ta_arm64/lib/libutils.a(stack_check.o)
                              /home/nick2/optee-dependencies/Jetson_Linux_R35.4.1_aarch64/Linux_for_Tegra/sources/tegra/optee-src/nv-optee/optee/build/t234/export-ta_arm64/lib/libutils.a(trace.o) (__stack_chk_fail)
/home/nick2/optee-dependencies/Jetson_Linux_R35.4.1_aarch64/Linux_for_Tegra/sources/tegra/optee-src/nv-optee/optee/build/t234/export-ta_arm64/lib/libutils.a(memcpy.o)
                              /home/nick2/optee-dependencies/Jetson_Linux_R35.4.1_aarch64/Linux_for_Tegra/sources/tegra/optee-src/nv-optee/optee/build/t234/export-ta_arm64/lib/libutils.a(trace.o) (memcpy)
/home/nick2/optee-dependencies/Jetson_Linux_R35.4.1_aarch64/Linux_for_Tegra/sources/tegra/optee-src/nv-optee/optee/build/t234/export-ta_arm64/lib/libutils.a(snprintk.o)
                              /home/nick2/optee-dependencies/Jetson_Linux_R35.4.1_aarch64/Linux_for_Tegra/sources/tegra/optee-src/nv-optee/optee/build/t234/export-ta_arm64/lib/libutils.a(trace.o) (vsnprintk)
/home/nick2/optee-dependencies/Jetson_Linux_R35.4.1_aarch64/Linux_for_Tegra/sources/tegra/optee-src/nv-optee/optee/build/t234/export-ta_arm64/lib/libutils.a(memchr.o)
                              /home/nick2/optee-dependencies/Jetson_Linux_R35.4.1_aarch64/Linux_for_Tegra/sources/tegra/optee-src/nv-optee/optee/build/t234/export-ta_arm64/lib/libutils.a(snprintk.o) (memchr)
/home/nick2/optee-dependencies/Jetson_Linux_R35.4.1_aarch64/Linux_for_Tegra/sources/tegra/optee-src/nv-optee/optee/build/t234/export-ta_arm64/lib/libutils.a(strlen.o)
                              /home/nick2/optee-dependencies/Jetson_Linux_R35.4.1_aarch64/Linux_for_Tegra/sources/tegra/optee-src/nv-optee/optee/build/t234/export-ta_arm64/lib/libutils.a(snprintk.o) (strlen)
/home/nick2/optee-dependencies/Jetson_Linux_R35.4.1_aarch64/Linux_for_Tegra/sources/tegra/optee-src/nv-optee/optee/build/t234/export-ta_arm64/lib/libutee.a(trace_ext.o)
                              /home/nick2/optee-dependencies/Jetson_Linux_R35.4.1_aarch64/Linux_for_Tegra/sources/tegra/optee-src/nv-optee/optee/build/t234/export-ta_arm64/lib/libutils.a(trace.o) (trace_ext_puts)
/home/nick2/optee-dependencies/Jetson_Linux_R35.4.1_aarch64/Linux_for_Tegra/sources/tegra/optee-src/nv-optee/optee/build/t234/export-ta_arm64/lib/libutee.a(user_ta_entry.o)
                              ./user_ta_header.o (__utee_entry)
/home/nick2/optee-dependencies/Jetson_Linux_R35.4.1_aarch64/Linux_for_Tegra/sources/tegra/optee-src/nv-optee/optee/build/t234/export-ta_arm64/lib/libutee.a(user_ta_entry_compat.o)
                              ./user_ta_header.o (__ta_open_sess)
/home/nick2/optee-dependencies/Jetson_Linux_R35.4.1_aarch64/Linux_for_Tegra/sources/tegra/optee-src/nv-optee/optee/build/t234/export-ta_arm64/lib/libutee.a(utee_syscalls_a64.o)
                              /home/nick2/optee-dependencies/Jetson_Linux_R35.4.1_aarch64/Linux_for_Tegra/sources/tegra/optee-src/nv-optee/optee/build/t234/export-ta_arm64/lib/libutils.a(stack_check.o) (_utee_panic)
/home/nick2/optee-dependencies/Jetson_Linux_R35.4.1_aarch64/Linux_for_Tegra/sources/tegra/optee-src/nv-optee/optee/build/t234/export-ta_arm64/lib/libutee.a(abort.o)
                              /home/nick2/optee-dependencies/Jetson_Linux_R35.4.1_aarch64/Linux_for_Tegra/sources/tegra/optee-src/nv-optee/optee/build/t234/export-ta_arm64/lib/libutee.a(user_ta_entry.o) (abort)
/home/nick2/optee-dependencies/Jetson_Linux_R35.4.1_aarch64/Linux_for_Tegra/sources/tegra/optee-src/nv-optee/optee/build/t234/export-ta_arm64/lib/libutee.a(tee_api.o)
                              /home/nick2/optee-dependencies/Jetson_Linux_R35.4.1_aarch64/Linux_for_Tegra/sources/tegra/optee-src/nv-optee/optee/build/t234/export-ta_arm64/lib/libutee.a(user_ta_entry.o) (TEE_Malloc)
/home/nick2/optee-dependencies/Jetson_Linux_R35.4.1_aarch64/Linux_for_Tegra/sources/tegra/optee-src/nv-optee/optee/build/t234/export-ta_arm64/lib/libutee.a(tee_api_arith_mpi.o)
                              /home/nick2/optee-dependencies/Jetson_Linux_R35.4.1_aarch64/Linux_for_Tegra/sources/tegra/optee-src/nv-optee/optee/build/t234/export-ta_arm64/lib/libutee.a(user_ta_entry.o) (_TEE_MathAPI_Init)
/home/nick2/optee-dependencies/Jetson_Linux_R35.4.1_aarch64/Linux_for_Tegra/sources/tegra/optee-src/nv-optee/optee/build/t234/export-ta_arm64/lib/libutee.a(tee_api_panic.o)
                              /home/nick2/optee-dependencies/Jetson_Linux_R35.4.1_aarch64/Linux_for_Tegra/sources/tegra/optee-src/nv-optee/optee/build/t234/export-ta_arm64/lib/libutee.a(tee_api.o) (TEE_Panic)
[...]
Memory Configuration

Name             Origin             Length             Attributes
*default*        0x0000000000000000 0xffffffffffffffff

Linker script and memory map


.ta_head        0x0000000000000000       0x20
 *(SORT_BY_ALIGNMENT(.ta_head))
 .ta_head       0x0000000000000000       0x20 ./user_ta_header.o
                0x0000000000000000                ta_head

.text           0x0000000000000020     0xcb14
                0x0000000000000020                __text_start = .
 *(SORT_BY_ALIGNMENT(.text) SORT_BY_ALIGNMENT(.text.*))
 .text          0x0000000000000020       0xec /home/nick2/optee-dependencies/Jetson_Linux_R35.4.1_aarch64/Linux_for_Tegra/sources/tegra/optee-src/nv-optee/optee/build/t234/export-ta_arm64/lib/libutils.a(memcpy.o)
                0x0000000000000020                memcpy
 .text          0x000000000000010c      0x2fc ./hello_world_ta.o
                0x000000000000010c                TA_CreateEntryPoint
                0x0000000000000140                TA_DestroyEntryPoint
                0x0000000000000164                TA_OpenSessionEntryPoint
                0x00000000000001d4                TA_CloseSessionEntryPoint
                0x00000000000001f8                ack
                0x000000000000033c                TA_InvokeCommandEntryPoint
 .text          0x0000000000000408       0x34 ./user_ta_header.o
                0x0000000000000408                __ta_entry
                0x000000000000041c                tahead_get_trace_level
 .text          0x000000000000043c      0x32c /home/nick2/optee-dependencies/Jetson_Linux_R35.4.1_aarch64/Linux_for_Tegra/sources/tegra/optee-src/nv-optee/optee/build/t234/export-ta_arm64/lib/libutils.a(trace.o)
                0x000000000000043c                trace_set_level
                0x0000000000000458                trace_get_level
                0x0000000000000468                trace_vprintf
                0x0000000000000684                trace_printf
                0x0000000000000764                dhex_dump
 .text          0x0000000000000768       0x30 /home/nick2/optee-dependencies/Jetson_Linux_R35.4.1_aarch64/Linux_for_Tegra/sources/tegra/optee-src/nv-optee/optee/build/t234/export-ta_arm64/lib/libutils.a(stack_check.o)
                0x0000000000000768                __stack_chk_fail
 .text          0x0000000000000798      0xe10 /home/nick2/optee-dependencies/Jetson_Linux_R35.4.1_aarch64/Linux_for_Tegra/sources/tegra/optee-src/nv-optee/optee/build/t234/export-ta_arm64/lib/libutils.a(snprintk.o)
                0x0000000000000798                __vsnprintf
                0x0000000000000858                vsnprintk
                0x00000000000008b0                snprintk
                0x000000000000155c                __vsprintf
 .text          0x00000000000015a8       0x2c /home/nick2/optee-dependencies/Jetson_Linux_R35.4.1_aarch64/Linux_for_Tegra/sources/tegra/optee-src/nv-optee/optee/build/t234/export-ta_arm64/lib/libutils.a(memchr.o)
                0x00000000000015a8                memchr
 .text          0x00000000000015d4       0x1c /home/nick2/optee-dependencies/Jetson_Linux_R35.4.1_aarch64/Linux_for_Tegra/sources/tegra/optee-src/nv-optee/optee/build/t234/export-ta_arm64/lib/libutils.a(strlen.o)
                0x00000000000015d4                strlen
 .text          0x00000000000015f0      0x1e0 /home/nick2/optee-dependencies/Jetson_Linux_R35.4.1_aarch64/Linux_for_Tegra/sources/tegra/optee-src/nv-optee/optee/build/t234/export-ta_arm64/lib/libutee.a(trace_ext.o)
                0x00000000000015f0                trace_ext_puts
                0x0000000000001618                trace_ext_get_thread_id
                0x0000000000001620                printf
                0x0000000000001720                puts
                0x0000000000001760                putchar
 .text          0x00000000000017d0      0x74c /home/nick2/optee-dependencies/Jetson_Linux_R35.4.1_aarch64/Linux_for_Tegra/sources/tegra/optee-src/nv-optee/optee/build/t234/export-ta_arm64/lib/libutee.a(user_ta_entry.o)
                0x0000000000001a94                __utee_call_elf_init_fn
                0x0000000000001bec                __utee_call_elf_fini_fn
                0x0000000000001c94                __utee_entry
 .text          0x0000000000001f1c      0x234 /home/nick2/optee-dependencies/Jetson_Linux_R35.4.1_aarch64/Linux_for_Tegra/sources/tegra/optee-src/nv-optee/optee/build/t234/export-ta_arm64/lib/libutee.a(user_ta_entry_compat.o)
                0x0000000000001fe4                __ta_open_sess
                0x0000000000002090                __ta_invoke_cmd
 .text._utee_panic
                0x0000000000002150        0xc /home/nick2/optee-dependencies/Jetson_Linux_R35.4.1_aarch64/Linux_for_Tegra/sources/tegra/optee-src/nv-optee/optee/build/t234/export-ta_arm64/lib/libutee.a(utee_syscalls_a64.o)
                0x0000000000002150                _utee_panic
 .text._utee_return
                0x000000000000215c        0xc /home/nick2/optee-dependencies/Jetson_Linux_R35.4.1_aarch64/Linux_for_Tegra/sources/tegra/optee-src/nv-optee/optee/build/t234/export-ta_arm64/lib/libutee.a(utee_syscalls_a64.o)
                0x000000000000215c                _utee_return
 .text._utee_log
                0x0000000000002168        0xc /home/nick2/optee-dependencies/Jetson_Linux_R35.4.1_aarch64/Linux_for_Tegra/sources/tegra/optee-src/nv-optee/optee/build/t234/export-ta_arm64/lib/libutee.a(utee_syscalls_a64.o)
                0x0000000000002168                _utee_log
 .text.__utee_panic
                0x0000000000002174        0xc /home/nick2/optee-dependencies/Jetson_Linux_R35.4.1_aarch64/Linux_for_Tegra/sources/tegra/optee-src/nv-optee/optee/build/t234/export-ta_arm64/lib/libutee.a(utee_syscalls_a64.o)
                0x0000000000002174                __utee_panic
 .text._utee_get_property
                0x0000000000002180        0xc /home/nick2/optee-dependencies/Jetson_Linux_R35.4.1_aarch64/Linux_for_Tegra/sources/tegra/optee-src/nv-optee/optee/build/t234/export-ta_arm64/lib/libutee.a(utee_syscalls_a64.o)
                0x0000000000002180                _utee_get_property
 .text._utee_get_property_name_to_index
                0x000000000000218c        0xc /home/nick2/optee-dependencies/Jetson_Linux_R35.4.1_aarch64/Linux_for_Tegra/sources/tegra/optee-src/nv-optee/optee/build/t234/export-ta_arm64/lib/libutee.a(utee_syscalls_a64.o)
                0x000000000000218c                _utee_get_property_name_to_index
 .text._utee_open_ta_session
                0x0000000000002198        0xc /home/nick2/optee-dependencies/Jetson_Linux_R35.4.1_aarch64/Linux_for_Tegra/sources/tegra/optee-src/nv-optee/optee/build/t234/export-ta_arm64/lib/libutee.a(utee_syscalls_a64.o)
                0x0000000000002198                _utee_open_ta_session
 .text._utee_close_ta_session
                0x00000000000021a4        0xc /home/nick2/optee-dependencies/Jetson_Linux_R35.4.1_aarch64/Linux_for_Tegra/sources/tegra/optee-src/nv-optee/optee/build/t234/export-ta_arm64/lib/libutee.a(utee_syscalls_a64.o)
                0x00000000000021a4                _utee_close_ta_session
 .text._utee_invoke_ta_command
                0x00000000000021b0        0xc /home/nick2/optee-dependencies/Jetson_Linux_R35.4.1_aarch64/Linux_for_Tegra/sources/tegra/optee-src/nv-optee/optee/build/t234/export-ta_arm64/lib/libutee.a(utee_syscalls_a64.o)
                0x00000000000021b0                _utee_invoke_ta_command
 .text._utee_get_cancellation_flag
                0x00000000000021bc        0xc /home/nick2/optee-dependencies/Jetson_Linux_R35.4.1_aarch64/Linux_for_Tegra/sources/tegra/optee-src/nv-optee/optee/build/t234/export-ta_arm64/lib/libutee.a(utee_syscalls_a64.o)
                0x00000000000021bc                _utee_get_cancellation_flag
 .text._utee_check_access_rights
                0x00000000000021c8        0xc /home/nick2/optee-dependencies/Jetson_Linux_R35.4.1_aarch64/Linux_for_Tegra/sources/tegra/optee-src/nv-optee/optee/build/t234/export-ta_arm64/lib/libutee.a(utee_syscalls_a64.o)
                0x00000000000021c8                _utee_check_access_rights
 .text._utee_unmask_cancellation
                0x00000000000021d4        0xc /home/nick2/optee-dependencies/Jetson_Linux_R35.4.1_aarch64/Linux_for_Tegra/sources/tegra/optee-src/nv-optee/optee/build/t234/export-ta_arm64/lib/libutee.a(utee_syscalls_a64.o)
                0x00000000000021d4                _utee_unmask_cancellation
 .text._utee_mask_cancellation
                0x00000000000021e0        0xc /home/nick2/optee-dependencies/Jetson_Linux_R35.4.1_aarch64/Linux_for_Tegra/sources/tegra/optee-src/nv-optee/optee/build/t234/export-ta_arm64/lib/libutee.a(utee_syscalls_a64.o)
                0x00000000000021e0                _utee_mask_cancellation
 .text._utee_wait
                0x00000000000021ec        0xc /home/nick2/optee-dependencies/Jetson_Linux_R35.4.1_aarch64/Linux_for_Tegra/sources/tegra/optee-src/nv-optee/optee/build/t234/export-ta_arm64/lib/libutee.a(utee_syscalls_a64.o)
                0x00000000000021ec                _utee_wait
 .text._utee_get_time
                0x00000000000021f8        0xc /home/nick2/optee-dependencies/Jetson_Linux_R35.4.1_aarch64/Linux_for_Tegra/sources/tegra/optee-src/nv-optee/optee/build/t234/export-ta_arm64/lib/libutee.a(utee_syscalls_a64.o)
                0x00000000000021f8                _utee_get_time
 .text._utee_set_ta_time
                0x0000000000002204        0xc /home/nick2/optee-dependencies/Jetson_Linux_R35.4.1_aarch64/Linux_for_Tegra/sources/tegra/optee-src/nv-optee/optee/build/t234/export-ta_arm64/lib/libutee.a(utee_syscalls_a64.o)
                0x0000000000002204                _utee_set_ta_time
 .text._utee_cryp_state_alloc
                0x0000000000002210        0xc /home/nick2/optee-dependencies/Jetson_Linux_R35.4.1_aarch64/Linux_for_Tegra/sources/tegra/optee-src/nv-optee/optee/build/t234/export-ta_arm64/lib/libutee.a(utee_syscalls_a64.o)
                0x0000000000002210                _utee_cryp_state_alloc
 .text._utee_cryp_state_copy
                0x000000000000221c        0xc /home/nick2/optee-dependencies/Jetson_Linux_R35.4.1_aarch64/Linux_for_Tegra/sources/tegra/optee-src/nv-optee/optee/build/t234/export-ta_arm64/lib/libutee.a(utee_syscalls_a64.o)
                0x000000000000221c                _utee_cryp_state_copy
 .text._utee_cryp_state_free
                0x0000000000002228        0xc /home/nick2/optee-dependencies/Jetson_Linux_R35.4.1_aarch64/Linux_for_Tegra/sources/tegra/optee-src/nv-optee/optee/build/t234/export-ta_arm64/lib/libutee.a(utee_syscalls_a64.o)
                0x0000000000002228                _utee_cryp_state_free
 .text._utee_hash_init
                0x0000000000002234        0xc /home/nick2/optee-dependencies/Jetson_Linux_R35.4.1_aarch64/Linux_for_Tegra/sources/tegra/optee-src/nv-optee/optee/build/t234/export-ta_arm64/lib/libutee.a(utee_syscalls_a64.o)
                0x0000000000002234                _utee_hash_init
 .text._utee_hash_update
                0x0000000000002240        0xc /home/nick2/optee-dependencies/Jetson_Linux_R35.4.1_aarch64/Linux_for_Tegra/sources/tegra/optee-src/nv-optee/optee/build/t234/export-ta_arm64/lib/libutee.a(utee_syscalls_a64.o)
                0x0000000000002240                _utee_hash_update
 .text._utee_hash_final
                0x000000000000224c        0xc /home/nick2/optee-dependencies/Jetson_Linux_R35.4.1_aarch64/Linux_for_Tegra/sources/tegra/optee-src/nv-optee/optee/build/t234/export-ta_arm64/lib/libutee.a(utee_syscalls_a64.o)
                0x000000000000224c                _utee_hash_final
 .text._utee_cipher_init
                0x0000000000002258        0xc /home/nick2/optee-dependencies/Jetson_Linux_R35.4.1_aarch64/Linux_for_Tegra/sources/tegra/optee-src/nv-optee/optee/build/t234/export-ta_arm64/lib/libutee.a(utee_syscalls_a64.o)
                0x0000000000002258                _utee_cipher_init
 .text._utee_cipher_update
                0x0000000000002264        0xc /home/nick2/optee-dependencies/Jetson_Linux_R35.4.1_aarch64/Linux_for_Tegra/sources/tegra/optee-src/nv-optee/optee/build/t234/export-ta_arm64/lib/libutee.a(utee_syscalls_a64.o)
                0x0000000000002264                _utee_cipher_update
 .text._utee_cipher_final
                0x0000000000002270        0xc /home/nick2/optee-dependencies/Jetson_Linux_R35.4.1_aarch64/Linux_for_Tegra/sources/tegra/optee-src/nv-optee/optee/build/t234/export-ta_arm64/lib/libutee.a(utee_syscalls_a64.o)
                0x0000000000002270                _utee_cipher_final
 .text._utee_cryp_obj_get_info
                0x000000000000227c        0xc /home/nick2/optee-dependencies/Jetson_Linux_R35.4.1_aarch64/Linux_for_Tegra/sources/tegra/optee-src/nv-optee/optee/build/t234/export-ta_arm64/lib/libutee.a(utee_syscalls_a64.o)
                0x000000000000227c                _utee_cryp_obj_get_info
 .text._utee_cryp_obj_restrict_usage
                0x0000000000002288        0xc /home/nick2/optee-dependencies/Jetson_Linux_R35.4.1_aarch64/Linux_for_Tegra/sources/tegra/optee-src/nv-optee/optee/build/t234/export-ta_arm64/lib/libutee.a(utee_syscalls_a64.o)
                0x0000000000002288                _utee_cryp_obj_restrict_usage
 .text._utee_cryp_obj_get_attr
                0x0000000000002294        0xc /home/nick2/optee-dependencies/Jetson_Linux_R35.4.1_aarch64/Linux_for_Tegra/sources/tegra/optee-src/nv-optee/optee/build/t234/export-ta_arm64/lib/libutee.a(utee_syscalls_a64.o)
                0x0000000000002294                _utee_cryp_obj_get_attr
 .text._utee_cryp_obj_alloc
                0x00000000000022a0        0xc /home/nick2/optee-dependencies/Jetson_Linux_R35.4.1_aarch64/Linux_for_Tegra/sources/tegra/optee-src/nv-optee/optee/build/t234/export-ta_arm64/lib/libutee.a(utee_syscalls_a64.o)
                0x00000000000022a0                _utee_cryp_obj_alloc
 .text._utee_cryp_obj_close
                0x00000000000022ac        0xc /home/nick2/optee-dependencies/Jetson_Linux_R35.4.1_aarch64/Linux_for_Tegra/sources/tegra/optee-src/nv-optee/optee/build/t234/export-ta_arm64/lib/libutee.a(utee_syscalls_a64.o)
                0x00000000000022ac                _utee_cryp_obj_close
 .text._utee_cryp_obj_reset
                0x00000000000022b8        0xc /home/nick2/optee-dependencies/Jetson_Linux_R35.4.1_aarch64/Linux_for_Tegra/sources/tegra/optee-src/nv-optee/optee/build/t234/export-ta_arm64/lib/libutee.a(utee_syscalls_a64.o)
                0x00000000000022b8                _utee_cryp_obj_reset
 .text._utee_cryp_obj_populate
                0x00000000000022c4        0xc /home/nick2/optee-dependencies/Jetson_Linux_R35.4.1_aarch64/Linux_for_Tegra/sources/tegra/optee-src/nv-optee/optee/build/t234/export-ta_arm64/lib/libutee.a(utee_syscalls_a64.o)
                0x00000000000022c4                _utee_cryp_obj_populate
 .text._utee_cryp_obj_copy
                0x00000000000022d0        0xc /home/nick2/optee-dependencies/Jetson_Linux_R35.4.1_aarch64/Linux_for_Tegra/sources/tegra/optee-src/nv-optee/optee/build/t234/export-ta_arm64/lib/libutee.a(utee_syscalls_a64.o)
                0x00000000000022d0                _utee_cryp_obj_copy
 .text._utee_cryp_derive_key
                0x00000000000022dc        0xc /home/nick2/optee-dependencies/Jetson_Linux_R35.4.1_aarch64/Linux_for_Tegra/sources/tegra/optee-src/nv-optee/optee/build/t234/export-ta_arm64/lib/libutee.a(utee_syscalls_a64.o)
                0x00000000000022dc                _utee_cryp_derive_key
 .text._utee_cryp_random_number_generate
                0x00000000000022e8        0xc /home/nick2/optee-dependencies/Jetson_Linux_R35.4.1_aarch64/Linux_for_Tegra/sources/tegra/optee-src/nv-optee/optee/build/t234/export-ta_arm64/lib/libutee.a(utee_syscalls_a64.o)
                0x00000000000022e8                _utee_cryp_random_number_generate
 .text._utee_authenc_init
                0x00000000000022f4        0xc /home/nick2/optee-dependencies/Jetson_Linux_R35.4.1_aarch64/Linux_for_Tegra/sources/tegra/optee-src/nv-optee/optee/build/t234/export-ta_arm64/lib/libutee.a(utee_syscalls_a64.o)
                0x00000000000022f4                _utee_authenc_init
 .text._utee_authenc_update_aad
                0x0000000000002300        0xc /home/nick2/optee-dependencies/Jetson_Linux_R35.4.1_aarch64/Linux_for_Tegra/sources/tegra/optee-src/nv-optee/optee/build/t234/export-ta_arm64/lib/libutee.a(utee_syscalls_a64.o)
                0x0000000000002300                _utee_authenc_update_aad
 .text._utee_authenc_update_payload
                0x000000000000230c        0xc /home/nick2/optee-dependencies/Jetson_Linux_R35.4.1_aarch64/Linux_for_Tegra/sources/tegra/optee-src/nv-optee/optee/build/t234/export-ta_arm64/lib/libutee.a(utee_syscalls_a64.o)
                0x000000000000230c                _utee_authenc_update_payload
 .text._utee_authenc_enc_final
                0x0000000000002318        0xc /home/nick2/optee-dependencies/Jetson_Linux_R35.4.1_aarch64/Linux_for_Tegra/sources/tegra/optee-src/nv-optee/optee/build/t234/export-ta_arm64/lib/libutee.a(utee_syscalls_a64.o)
                0x0000000000002318                _utee_authenc_enc_final
 .text._utee_authenc_dec_final
                0x0000000000002324        0xc /home/nick2/optee-dependencies/Jetson_Linux_R35.4.1_aarch64/Linux_for_Tegra/sources/tegra/optee-src/nv-optee/optee/build/t234/export-ta_arm64/lib/libutee.a(utee_syscalls_a64.o)
                0x0000000000002324                _utee_authenc_dec_final
 .text._utee_asymm_operate
                0x0000000000002330        0xc /home/nick2/optee-dependencies/Jetson_Linux_R35.4.1_aarch64/Linux_for_Tegra/sources/tegra/optee-src/nv-optee/optee/build/t234/export-ta_arm64/lib/libutee.a(utee_syscalls_a64.o)
                0x0000000000002330                _utee_asymm_operate
 .text._utee_asymm_verify
                0x000000000000233c        0xc /home/nick2/optee-dependencies/Jetson_Linux_R35.4.1_aarch64/Linux_for_Tegra/sources/tegra/optee-src/nv-optee/optee/build/t234/export-ta_arm64/lib/libutee.a(utee_syscalls_a64.o)
                0x000000000000233c                _utee_asymm_verify
 .text._utee_storage_obj_open
                0x0000000000002348        0xc /home/nick2/optee-dependencies/Jetson_Linux_R35.4.1_aarch64/Linux_for_Tegra/sources/tegra/optee-src/nv-optee/optee/build/t234/export-ta_arm64/lib/libutee.a(utee_syscalls_a64.o)
                0x0000000000002348                _utee_storage_obj_open
 .text._utee_storage_obj_create
                0x0000000000002354        0xc /home/nick2/optee-dependencies/Jetson_Linux_R35.4.1_aarch64/Linux_for_Tegra/sources/tegra/optee-src/nv-optee/optee/build/t234/export-ta_arm64/lib/libutee.a(utee_syscalls_a64.o)
                0x0000000000002354                _utee_storage_obj_create
 .text._utee_storage_obj_del
                0x0000000000002360        0xc /home/nick2/optee-dependencies/Jetson_Linux_R35.4.1_aarch64/Linux_for_Tegra/sources/tegra/optee-src/nv-optee/optee/build/t234/export-ta_arm64/lib/libutee.a(utee_syscalls_a64.o)
                0x0000000000002360                _utee_storage_obj_del
 .text._utee_storage_obj_rename
                0x000000000000236c        0xc /home/nick2/optee-dependencies/Jetson_Linux_R35.4.1_aarch64/Linux_for_Tegra/sources/tegra/optee-src/nv-optee/optee/build/t234/export-ta_arm64/lib/libutee.a(utee_syscalls_a64.o)
                0x000000000000236c                _utee_storage_obj_rename
 .text._utee_storage_alloc_enum
                0x0000000000002378        0xc /home/nick2/optee-dependencies/Jetson_Linux_R35.4.1_aarch64/Linux_for_Tegra/sources/tegra/optee-src/nv-optee/optee/build/t234/export-ta_arm64/lib/libutee.a(utee_syscalls_a64.o)
                0x0000000000002378                _utee_storage_alloc_enum
 .text._utee_storage_free_enum
                0x0000000000002384        0xc /home/nick2/optee-dependencies/Jetson_Linux_R35.4.1_aarch64/Linux_for_Tegra/sources/tegra/optee-src/nv-optee/optee/build/t234/export-ta_arm64/lib/libutee.a(utee_syscalls_a64.o)
                0x0000000000002384                _utee_storage_free_enum
 .text._utee_storage_reset_enum
                0x0000000000002390        0xc /home/nick2/optee-dependencies/Jetson_Linux_R35.4.1_aarch64/Linux_for_Tegra/sources/tegra/optee-src/nv-optee/optee/build/t234/export-ta_arm64/lib/libutee.a(utee_syscalls_a64.o)
                0x0000000000002390                _utee_storage_reset_enum
 .text._utee_storage_start_enum
                0x000000000000239c        0xc /home/nick2/optee-dependencies/Jetson_Linux_R35.4.1_aarch64/Linux_for_Tegra/sources/tegra/optee-src/nv-optee/optee/build/t234/export-ta_arm64/lib/libutee.a(utee_syscalls_a64.o)
                0x000000000000239c                _utee_storage_start_enum
 .text._utee_storage_next_enum
                0x00000000000023a8        0xc /home/nick2/optee-dependencies/Jetson_Linux_R35.4.1_aarch64/Linux_for_Tegra/sources/tegra/optee-src/nv-optee/optee/build/t234/export-ta_arm64/lib/libutee.a(utee_syscalls_a64.o)
                0x00000000000023a8                _utee_storage_next_enum
 .text._utee_storage_obj_read
                0x00000000000023b4        0xc /home/nick2/optee-dependencies/Jetson_Linux_R35.4.1_aarch64/Linux_for_Tegra/sources/tegra/optee-src/nv-optee/optee/build/t234/export-ta_arm64/lib/libutee.a(utee_syscalls_a64.o)
                0x00000000000023b4                _utee_storage_obj_read
 .text._utee_storage_obj_write
                0x00000000000023c0        0xc /home/nick2/optee-dependencies/Jetson_Linux_R35.4.1_aarch64/Linux_for_Tegra/sources/tegra/optee-src/nv-optee/optee/build/t234/export-ta_arm64/lib/libutee.a(utee_syscalls_a64.o)
                0x00000000000023c0                _utee_storage_obj_write
 .text._utee_storage_obj_trunc
                0x00000000000023cc        0xc /home/nick2/optee-dependencies/Jetson_Linux_R35.4.1_aarch64/Linux_for_Tegra/sources/tegra/optee-src/nv-optee/optee/build/t234/export-ta_arm64/lib/libutee.a(utee_syscalls_a64.o)
                0x00000000000023cc                _utee_storage_obj_trunc
 .text._utee_storage_obj_seek
                0x00000000000023d8        0xc /home/nick2/optee-dependencies/Jetson_Linux_R35.4.1_aarch64/Linux_for_Tegra/sources/tegra/optee-src/nv-optee/optee/build/t234/export-ta_arm64/lib/libutee.a(utee_syscalls_a64.o)
                0x00000000000023d8                _utee_storage_obj_seek
 .text._utee_cryp_obj_generate_key
                0x00000000000023e4        0xc /home/nick2/optee-dependencies/Jetson_Linux_R35.4.1_aarch64/Linux_for_Tegra/sources/tegra/optee-src/nv-optee/optee/build/t234/export-ta_arm64/lib/libutee.a(utee_syscalls_a64.o)
                0x00000000000023e4                _utee_cryp_obj_generate_key
 .text._utee_cache_operation
                0x00000000000023f0        0xc /home/nick2/optee-dependencies/Jetson_Linux_R35.4.1_aarch64/Linux_for_Tegra/sources/tegra/optee-src/nv-optee/optee/build/t234/export-ta_arm64/lib/libutee.a(utee_syscalls_a64.o)
                0x00000000000023f0                _utee_cache_operation
 .text.unlikely
                0x00000000000023fc       0x20 /home/nick2/optee-dependencies/Jetson_Linux_R35.4.1_aarch64/Linux_for_Tegra/sources/tegra/optee-src/nv-optee/optee/build/t234/export-ta_arm64/lib/libutee.a(abort.o)
                0x00000000000023fc                abort
 .text          0x000000000000241c     0x10c0 /home/nick2/optee-dependencies/Jetson_Linux_R35.4.1_aarch64/Linux_for_Tegra/sources/tegra/optee-src/nv-optee/optee/build/t234/export-ta_arm64/lib/libutee.a(tee_api.o)
                0x00000000000027cc                TEE_CloseTASession
                0x00000000000027f4                TEE_GetCancellationFlag
                0x0000000000002854                TEE_UnmaskCancellation
                0x00000000000028b4                TEE_MaskCancellation
                0x0000000000002914                TEE_CheckMemoryAccessRights
                0x0000000000002b38                TEE_OpenTASession
                0x0000000000002c8c                __GP11_TEE_OpenTASession
                0x0000000000002dd4                TEE_InvokeTACommand
                0x0000000000002f58                __GP11_TEE_InvokeTACommand
                0x00000000000030d0                __GP11_TEE_CheckMemoryAccessRights
                0x00000000000030d8                TEE_SetInstanceData
                0x00000000000030e4                TEE_GetInstanceData
                0x00000000000030f0                TEE_MemMove
                0x00000000000030f4                __GP11_TEE_MemMove
                0x00000000000030fc                TEE_MemCompare
                0x0000000000003100                __GP11_TEE_MemCompare
                0x0000000000003108                TEE_MemFill
                0x000000000000310c                __GP11_TEE_MemFill
                0x0000000000003114                TEE_GetSystemTime
                0x000000000000313c                TEE_Wait
                0x0000000000003178                TEE_GetTAPersistentTime
                0x00000000000031ec                TEE_SetTAPersistentTime
                0x0000000000003230                TEE_GetREETime
                0x0000000000003258                TEE_Malloc
                0x000000000000337c                __GP11_TEE_Malloc
                0x0000000000003384                TEE_Free
                0x00000000000033e4                TEE_Realloc
                0x00000000000034bc                __GP11_TEE_Realloc
                0x00000000000034c4                TEE_CacheClean
                0x00000000000034cc                TEE_CacheFlush
                0x00000000000034d4                TEE_CacheInvalidate
 .text          0x00000000000034dc     0x212c /home/nick2/optee-dependencies/Jetson_Linux_R35.4.1_aarch64/Linux_for_Tegra/sources/tegra/optee-src/nv-optee/optee/build/t234/export-ta_arm64/lib/libutee.a(tee_api_arith_mpi.o)
                0x0000000000003d40                _TEE_MathAPI_Init
                0x0000000000003d90                TEE_BigIntInit
                0x0000000000003df0                __GP11_TEE_BigIntInit
                0x0000000000003df8                TEE_BigIntConvertFromOctetString
                0x0000000000003ec0                __GP11_TEE_BigIntConvertFromOctetString
                0x0000000000003ec8                TEE_BigIntConvertToOctetString
                0x0000000000003f90                __GP11_TEE_BigIntConvertToOctetString
                0x0000000000003ff0                TEE_BigIntConvertFromS32
                0x00000000000040a0                TEE_BigIntConvertToS32
                0x000000000000415c                TEE_BigIntCmp
                0x00000000000041f0                TEE_BigIntCmpS32
                0x000000000000443c                TEE_BigIntShiftRight
                0x00000000000045dc                __GP11_TEE_BigIntShiftRight
                0x00000000000045e4                TEE_BigIntGetBit
                0x0000000000004664                TEE_BigIntGetBitCount
                0x00000000000046d8                TEE_BigIntSetBit
                0x0000000000004788                TEE_BigIntAssign
                0x00000000000047d8                TEE_BigIntAbs
                0x0000000000004804                TEE_BigIntAdd
                0x0000000000004810                TEE_BigIntSub
                0x000000000000481c                TEE_BigIntNeg
                0x0000000000004900                TEE_BigIntMul
                0x0000000000004a14                TEE_BigIntSquare
                0x0000000000004a1c                TEE_BigIntDiv
                0x0000000000004bd0                TEE_BigIntMod
                0x0000000000004c3c                TEE_BigIntAddMod
                0x0000000000004c48                TEE_BigIntSubMod
                0x0000000000004c54                TEE_BigIntMulMod
                0x0000000000004c60                TEE_BigIntSquareMod
                0x0000000000004c6c                TEE_BigIntInvMod
                0x0000000000004dbc                TEE_BigIntRelativePrime
                0x0000000000004ec4                TEE_BigIntExpMod
                0x0000000000005098                TEE_BigIntComputeExtendedGcd
                0x0000000000005300                TEE_BigIntIsProbablePrime
                0x0000000000005384                TEE_BigIntInitFMM
                0x0000000000005388                __GP11_TEE_BigIntInitFMM
                0x0000000000005390                TEE_BigIntInitFMMContext
                0x0000000000005394                __GP11_TEE_BigIntInitFMMContext
                0x000000000000539c                TEE_BigIntInitFMMContext1
                0x00000000000053a4                TEE_BigIntFMMSizeInU32
                0x00000000000053b4                __GP11_TEE_BigIntFMMSizeInU32
                0x00000000000053cc                TEE_BigIntFMMContextSizeInU32
                0x00000000000053d4                __GP11_TEE_BigIntFMMContextSizeInU32
                0x00000000000053ec                TEE_BigIntConvertToFMM
                0x00000000000053f0                TEE_BigIntConvertFromFMM
                0x00000000000054c0                TEE_BigIntComputeFMM
 .text          0x0000000000005608      0x21c /home/nick2/optee-dependencies/Jetson_Linux_R35.4.1_aarch64/Linux_for_Tegra/sources/tegra/optee-src/nv-optee/optee/build/t234/export-ta_arm64/lib/libutee.a(tee_api_panic.o)
                0x0000000000005624                TEE_Panic
                0x000000000000563c                __utee_check_outbuf_annotation
                0x0000000000005688                __utee_check_gp11_outbuf_annotation
                0x00000000000056d4                __utee_check_instring_annotation
                0x0000000000005704                __utee_check_outstring_annotation
                0x0000000000005750                __utee_check_gp11_outstring_annotation
                0x000000000000579c                __utee_check_out_annotation
                0x00000000000057bc                __utee_check_attr_in_annotation
                0x00000000000057e0                __utee_check_gp11_attr_in_annotation
                0x0000000000005804                __utee_check_inout_annotation
 .text          0x0000000000005824      0xf78 /home/nick2/optee-dependencies/Jetson_Linux_R35.4.1_aarch64/Linux_for_Tegra/sources/tegra/optee-src/nv-optee/optee/build/t234/export-ta_arm64/lib/libutee.a(tee_api_property.o)
                0x0000000000005bb4                TEE_GetPropertyAsString
                0x0000000000005e10                __GP11_TEE_GetPropertyAsString
                0x0000000000005ea8                TEE_GetPropertyAsBool
                0x0000000000005f80                TEE_GetPropertyAsU32
                0x0000000000006068                TEE_GetPropertyAsU64
                0x0000000000006150                __GP11_TEE_GetPropertyAsBinaryBlock
                0x000000000000623c                TEE_GetPropertyAsBinaryBlock
                0x00000000000062d4                TEE_GetPropertyAsUUID
                0x00000000000063bc                TEE_GetPropertyAsIdentity
                0x00000000000064a4                TEE_ResetPropertyEnumerator
                0x00000000000064b0                TEE_AllocatePropertyEnumerator
                0x00000000000064f8                TEE_FreePropertyEnumerator
                0x00000000000064fc                TEE_StartPropertyEnumerator
                0x000000000000650c                __GP11_TEE_GetPropertyName
                0x0000000000006634                TEE_GetPropertyName
                0x00000000000066bc                TEE_GetNextProperty
 .text          0x000000000000679c      0x310 /home/nick2/optee-dependencies/Jetson_Linux_R35.4.1_aarch64/Linux_for_Tegra/sources/tegra/optee-src/nv-optee/optee/build/t234/export-ta_arm64/lib/libutee.a(tee_system_pta.o)
                0x0000000000006824                tee_map_zi
                0x00000000000068d4                tee_unmap
                0x000000000000699c                tee_invoke_supp_plugin
 .text          0x0000000000006aac      0x34c /home/nick2/optee-dependencies/Jetson_Linux_R35.4.1_aarch64/Linux_for_Tegra/sources/tegra/optee-src/nv-optee/optee/build/t234/export-ta_arm64/lib/libutee.a(tcb.o)
                0x0000000000006aac                __utee_tcb_init
                0x0000000000006cec                __tls_get_addr
                0x0000000000006d08                dl_iterate_phdr
 .text          0x0000000000006df8       0x58 /home/nick2/optee-dependencies/Jetson_Linux_R35.4.1_aarch64/Linux_for_Tegra/sources/tegra/optee-src/nv-optee/optee/build/t234/export-ta_arm64/lib/libutee.a(assert.o)
                0x0000000000006df8                _assert_log
                0x0000000000006e3c                _assert_break
 .text          0x0000000000006e50      0x258 /home/nick2/optee-dependencies/Jetson_Linux_R35.4.1_aarch64/Linux_for_Tegra/sources/tegra/optee-src/nv-optee/optee/build/t234/export-ta_arm64/lib/libutee.a(base64.o)
                0x0000000000006e50                _base64_enc_len
                0x0000000000006e68                _base64_enc
                0x0000000000006f84                _base64_dec
 .text          0x00000000000070a8     0x4190 /home/nick2/optee-dependencies/Jetson_Linux_R35.4.1_aarch64/Linux_for_Tegra/sources/tegra/optee-src/nv-optee/optee/build/t234/export-ta_arm64/lib/libmbedtls.a(bignum.o)
                0x000000000000787c                mbedtls_mpi_init
                0x000000000000788c                mbedtls_mpi_init_mempool
                0x00000000000078b4                mbedtls_mpi_free
                0x0000000000007920                mbedtls_mpi_grow
                0x0000000000007a74                mbedtls_mpi_shrink
                0x0000000000007b94                mbedtls_mpi_copy
                0x0000000000007c60                mbedtls_mpi_swap
                0x0000000000007ce8                mbedtls_mpi_lset
                0x0000000000007d50                mbedtls_mpi_get_bit
                0x0000000000007d7c                mbedtls_mpi_set_bit
                0x0000000000007e08                mbedtls_mpi_lsb
                0x0000000000007e5c                mbedtls_mpi_bitlen
                0x0000000000007eb8                mbedtls_mpi_size
                0x0000000000007ed4                mbedtls_mpi_read_binary_le
                0x0000000000007f4c                mbedtls_mpi_read_binary
                0x0000000000007fd0                mbedtls_mpi_write_binary_le
                0x0000000000008088                mbedtls_mpi_write_binary
                0x000000000000814c                mbedtls_mpi_shift_l
                0x000000000000825c                mbedtls_mpi_shift_r
                0x000000000000831c                mbedtls_mpi_cmp_abs
                0x00000000000083b8                mbedtls_mpi_cmp_mpi
                0x000000000000848c                mbedtls_mpi_cmp_int
                0x0000000000008500                mbedtls_mpi_add_abs
                0x0000000000008620                mbedtls_mpi_sub_abs
                0x000000000000877c                mbedtls_mpi_add_mpi
                0x0000000000008804                mbedtls_mpi_sub_mpi
                0x0000000000008890                mbedtls_mpi_add_int
                0x0000000000008904                mbedtls_mpi_sub_int
                0x0000000000008978                mbedtls_mpi_mul_mpi
                0x0000000000008b24                mbedtls_mpi_mul_int
                0x0000000000008bcc                mbedtls_mpi_read_string
                0x0000000000008dd8                mbedtls_mpi_div_mpi
                0x000000000000930c                mbedtls_mpi_div_int
                0x0000000000009380                mbedtls_mpi_mod_mpi
                0x0000000000009434                mbedtls_mpi_mod_int
                0x00000000000094d0                mbedtls_mpi_write_string
                0x0000000000009804                mbedtls_mpi_montg_init
                0x000000000000980c                mbedtls_mpi_montmul
                0x0000000000009814                mbedtls_mpi_montred
                0x0000000000009818                mbedtls_mpi_exp_mod
                0x0000000000009ee4                mbedtls_mpi_gcd
                0x000000000000a0bc                mbedtls_mpi_fill_random
                0x000000000000a3c8                mbedtls_mpi_random
                0x000000000000a580                mbedtls_mpi_inv_mod
                0x000000000000a9d8                mbedtls_mpi_is_prime_ext
                0x000000000000aab4                mbedtls_mpi_is_prime
                0x000000000000aac4                mbedtls_mpi_gen_prime
                0x000000000000ae10                mbedtls_mpi_self_test
 .text          0x000000000000b238      0x7c0 /home/nick2/optee-dependencies/Jetson_Linux_R35.4.1_aarch64/Linux_for_Tegra/sources/tegra/optee-src/nv-optee/optee/build/t234/export-ta_arm64/lib/libmbedtls.a(constant_time.o)
                0x000000000000b258                mbedtls_ct_memcmp
                0x000000000000b2a0                mbedtls_ct_uint_mask
                0x000000000000b2b0                mbedtls_ct_mpi_uint_mask
                0x000000000000b2c0                mbedtls_ct_size_bool_eq
                0x000000000000b2d8                mbedtls_ct_mpi_uint_lt
                0x000000000000b2f4                mbedtls_ct_uint_if
                0x000000000000b324                mbedtls_ct_mpi_uint_cond_assign
                0x000000000000b360                mbedtls_ct_base64_enc_char
                0x000000000000b410                mbedtls_ct_base64_dec_value
                0x000000000000b4cc                mbedtls_mpi_safe_cond_assign
                0x000000000000b588                mbedtls_mpi_safe_cond_swap
                0x000000000000b684                mbedtls_mpi_lt_mpi_ct
                0x000000000000b77c                mbedtls_ct_rsaes_pkcs1_v15_unpadding
 .text          0x000000000000b9f8       0x20 /home/nick2/optee-dependencies/Jetson_Linux_R35.4.1_aarch64/Linux_for_Tegra/sources/tegra/optee-src/nv-optee/optee/build/t234/export-ta_arm64/lib/libmbedtls.a(platform_util.o)
                0x000000000000b9f8                mbedtls_platform_zeroize
 .text          0x000000000000ba18      0xd00 /home/nick2/optee-dependencies/Jetson_Linux_R35.4.1_aarch64/Linux_for_Tegra/sources/tegra/optee-src/nv-optee/optee/build/t234/export-ta_arm64/lib/libutils.a(bget_malloc.o)
                0x000000000000ba50                bget
                0x000000000000bd18                bgetz
                0x000000000000bda0                brel
                0x000000000000c024                bgetr
                0x000000000000c0f4                bpool
                0x000000000000c1c4                raw_memalign
                0x000000000000c218                raw_malloc
                0x000000000000c228                raw_free
                0x000000000000c238                raw_calloc
                0x000000000000c288                raw_realloc
                0x000000000000c370                malloc
                0x000000000000c388                calloc
                0x000000000000c3a4                realloc
                0x000000000000c3bc                memalign
                0x000000000000c3d8                aligned_alloc
                0x000000000000c3f0                free
                0x000000000000c400                free_wipe
                0x000000000000c410                raw_malloc_get_ctx_size
                0x000000000000c418                raw_malloc_init_ctx
                0x000000000000c444                raw_malloc_add_pool
                0x000000000000c50c                raw_malloc_buffer_overlaps_heap
                0x000000000000c58c                raw_malloc_buffer_is_within_alloced
                0x000000000000c6dc                malloc_add_pool
                0x000000000000c6f0                malloc_buffer_is_within_alloced
                0x000000000000c704                malloc_buffer_overlaps_heap
 .text          0x000000000000c718      0x128 /home/nick2/optee-dependencies/Jetson_Linux_R35.4.1_aarch64/Linux_for_Tegra/sources/tegra/optee-src/nv-optee/optee/build/t234/export-ta_arm64/lib/libutils.a(snprintf.o)
                0x000000000000c718                snprintf
                0x000000000000c7e8                vsnprintf
 .text          0x000000000000c840       0x5c /home/nick2/optee-dependencies/Jetson_Linux_R35.4.1_aarch64/Linux_for_Tegra/sources/tegra/optee-src/nv-optee/optee/build/t234/export-ta_arm64/lib/libutils.a(memmove.o)
                0x000000000000c840                memmove
 .text          0x000000000000c89c       0x1c /home/nick2/optee-dependencies/Jetson_Linux_R35.4.1_aarch64/Linux_for_Tegra/sources/tegra/optee-src/nv-optee/optee/build/t234/export-ta_arm64/lib/libutils.a(memset.o)
                0x000000000000c89c                memset
 .text          0x000000000000c8b8       0x24 /home/nick2/optee-dependencies/Jetson_Linux_R35.4.1_aarch64/Linux_for_Tegra/sources/tegra/optee-src/nv-optee/optee/build/t234/export-ta_arm64/lib/libutils.a(strcmp.o)
                0x000000000000c8b8                strcmp
 .text          0x000000000000c8dc       0x58 /home/nick2/optee-dependencies/Jetson_Linux_R35.4.1_aarch64/Linux_for_Tegra/sources/tegra/optee-src/nv-optee/optee/build/t234/export-ta_arm64/lib/libutils.a(strlcpy.o)
                0x000000000000c8dc                strlcpy
 .text          0x000000000000c934      0x190 /home/nick2/optee-dependencies/Jetson_Linux_R35.4.1_aarch64/Linux_for_Tegra/sources/tegra/optee-src/nv-optee/optee/build/t234/export-ta_arm64/lib/libutils.a(mempool.o)
                0x000000000000c934                mempool_alloc_pool
                0x000000000000c9fc                mempool_alloc
                0x000000000000ca60                mempool_calloc
                0x000000000000cab0                mempool_free
 .text          0x000000000000cac4       0x70 /home/nick2/optee-dependencies/Jetson_Linux_R35.4.1_aarch64/Linux_for_Tegra/sources/tegra/optee-src/nv-optee/optee/build/t234/export-ta_arm64/lib/libutils.a(consttime_memcmp.o)
                0x000000000000cac4                consttime_memcmp
 .text          0x000000000000cb34        0x0 /home/nick2/optee-dependencies/Jetson_Linux_R35.4.1_aarch64/Linux_for_Tegra/sources/tegra/optee-src/nv-optee/optee/build/t234/export-ta_arm64/lib/libutee.a(utee_syscalls_a64.o)
 .text          0x000000000000cb34        0x0 /home/nick2/optee-dependencies/Jetson_Linux_R35.4.1_aarch64/Linux_for_Tegra/sources/tegra/optee-src/nv-optee/optee/build/t234/export-ta_arm64/lib/libutee.a(abort.o)
 *(SORT_BY_ALIGNMENT(.stub))
 *(SORT_BY_ALIGNMENT(.glue_7))
 *(SORT_BY_ALIGNMENT(.glue_7t))
 *(SORT_BY_ALIGNMENT(.gnu.linkonce.t.*))
 *(SORT_BY_ALIGNMENT(.vfp11_veneer))
                0x000000000000cb34                __text_end = .

.note.gnu.property
 *(SORT_BY_ALIGNMENT(.note.gnu.property))

.plt            0x000000000000cb34       0x50
 *(SORT_BY_ALIGNMENT(.plt))
 .plt           0x000000000000cb34       0x50 ./hello_world_ta.o

.eh_frame_hdr
 *(SORT_BY_ALIGNMENT(.eh_frame_hdr))
 *(SORT_BY_ALIGNMENT(.eh_frame_entry) SORT_BY_ALIGNMENT(.eh_frame_entry.*))

.eh_frame       0x000000000000cb88     0x295c
 *(SORT_BY_ALIGNMENT(.eh_frame))
 .eh_frame      0x000000000000cb88       0xf0 ./hello_world_ta.o
 .eh_frame      0x000000000000cc78       0x58 ./user_ta_header.o
                                         0x68 (size before relaxing)
 .eh_frame      0x000000000000ccd0       0xb8 /home/nick2/optee-dependencies/Jetson_Linux_R35.4.1_aarch64/Linux_for_Tegra/sources/tegra/optee-src/nv-optee/optee/build/t234/export-ta_arm64/lib/libutils.a(trace.o)
                                         0xc8 (size before relaxing)
 .eh_frame      0x000000000000cd88       0x18 /home/nick2/optee-dependencies/Jetson_Linux_R35.4.1_aarch64/Linux_for_Tegra/sources/tegra/optee-src/nv-optee/optee/build/t234/export-ta_arm64/lib/libutils.a(stack_check.o)
                                         0x30 (size before relaxing)
 .eh_frame      0x000000000000cda0       0x18 /home/nick2/optee-dependencies/Jetson_Linux_R35.4.1_aarch64/Linux_for_Tegra/sources/tegra/optee-src/nv-optee/optee/build/t234/export-ta_arm64/lib/libutils.a(memcpy.o)
                                         0x28 (size before relaxing)
 .eh_frame      0x000000000000cdb8       0xf0 /home/nick2/optee-dependencies/Jetson_Linux_R35.4.1_aarch64/Linux_for_Tegra/sources/tegra/optee-src/nv-optee/optee/build/t234/export-ta_arm64/lib/libutils.a(snprintk.o)
                                        0x100 (size before relaxing)
 .eh_frame      0x000000000000cea8       0x18 /home/nick2/optee-dependencies/Jetson_Linux_R35.4.1_aarch64/Linux_for_Tegra/sources/tegra/optee-src/nv-optee/optee/build/t234/export-ta_arm64/lib/libutils.a(memchr.o)
                                         0x28 (size before relaxing)
 .eh_frame      0x000000000000cec0       0x18 /home/nick2/optee-dependencies/Jetson_Linux_R35.4.1_aarch64/Linux_for_Tegra/sources/tegra/optee-src/nv-optee/optee/build/t234/export-ta_arm64/lib/libutils.a(strlen.o)
                                         0x28 (size before relaxing)
 .eh_frame      0x000000000000ced8       0xa8 /home/nick2/optee-dependencies/Jetson_Linux_R35.4.1_aarch64/Linux_for_Tegra/sources/tegra/optee-src/nv-optee/optee/build/t234/export-ta_arm64/lib/libutee.a(trace_ext.o)
                                         0xc0 (size before relaxing)
 .eh_frame      0x000000000000cf80      0x150 /home/nick2/optee-dependencies/Jetson_Linux_R35.4.1_aarch64/Linux_for_Tegra/sources/tegra/optee-src/nv-optee/optee/build/t234/export-ta_arm64/lib/libutee.a(user_ta_entry.o)
                                        0x168 (size before relaxing)
 .eh_frame      0x000000000000d0d0       0x98 /home/nick2/optee-dependencies/Jetson_Linux_R35.4.1_aarch64/Linux_for_Tegra/sources/tegra/optee-src/nv-optee/optee/build/t234/export-ta_arm64/lib/libutee.a(user_ta_entry_compat.o)
                                         0xa8 (size before relaxing)
 .eh_frame      0x000000000000d168       0x18 /home/nick2/optee-dependencies/Jetson_Linux_R35.4.1_aarch64/Linux_for_Tegra/sources/tegra/optee-src/nv-optee/optee/build/t234/export-ta_arm64/lib/libutee.a(abort.o)
                                         0x30 (size before relaxing)
 .eh_frame      0x000000000000d180      0x588 /home/nick2/optee-dependencies/Jetson_Linux_R35.4.1_aarch64/Linux_for_Tegra/sources/tegra/optee-src/nv-optee/optee/build/t234/export-ta_arm64/lib/libutee.a(tee_api.o)
                                        0x5a0 (size before relaxing)
 .eh_frame      0x000000000000d708      0x7d0 /home/nick2/optee-dependencies/Jetson_Linux_R35.4.1_aarch64/Linux_for_Tegra/sources/tegra/optee-src/nv-optee/optee/build/t234/export-ta_arm64/lib/libutee.a(tee_api_arith_mpi.o)
                                        0x7e0 (size before relaxing)
 .eh_frame      0x000000000000ded8      0x180 /home/nick2/optee-dependencies/Jetson_Linux_R35.4.1_aarch64/Linux_for_Tegra/sources/tegra/optee-src/nv-optee/optee/build/t234/export-ta_arm64/lib/libutee.a(tee_api_panic.o)
                                        0x198 (size before relaxing)
 .eh_frame      0x000000000000e058      0x2f8 /home/nick2/optee-dependencies/Jetson_Linux_R35.4.1_aarch64/Linux_for_Tegra/sources/tegra/optee-src/nv-optee/optee/build/t234/export-ta_arm64/lib/libutee.a(tee_api_property.o)
                                        0x308 (size before relaxing)
 .eh_frame      0x000000000000e350       0xc0 /home/nick2/optee-dependencies/Jetson_Linux_R35.4.1_aarch64/Linux_for_Tegra/sources/tegra/optee-src/nv-optee/optee/build/t234/export-ta_arm64/lib/libutee.a(tee_system_pta.o)
                                         0xd0 (size before relaxing)
 .eh_frame      0x000000000000e410       0x90 /home/nick2/optee-dependencies/Jetson_Linux_R35.4.1_aarch64/Linux_for_Tegra/sources/tegra/optee-src/nv-optee/optee/build/t234/export-ta_arm64/lib/libutee.a(tcb.o)
                                         0xa8 (size before relaxing)
 .eh_frame      0x000000000000e4a0       0x38 /home/nick2/optee-dependencies/Jetson_Linux_R35.4.1_aarch64/Linux_for_Tegra/sources/tegra/optee-src/nv-optee/optee/build/t234/export-ta_arm64/lib/libutee.a(assert.o)
                                         0x50 (size before relaxing)
 .eh_frame      0x000000000000e4d8       0x58 /home/nick2/optee-dependencies/Jetson_Linux_R35.4.1_aarch64/Linux_for_Tegra/sources/tegra/optee-src/nv-optee/optee/build/t234/export-ta_arm64/lib/libutee.a(base64.o)
                                         0x70 (size before relaxing)
 .eh_frame      0x000000000000e530      0x988 /home/nick2/optee-dependencies/Jetson_Linux_R35.4.1_aarch64/Linux_for_Tegra/sources/tegra/optee-src/nv-optee/optee/build/t234/export-ta_arm64/lib/libmbedtls.a(bignum.o)
                                        0x9a0 (size before relaxing)
 .eh_frame      0x000000000000eeb8      0x1e0 /home/nick2/optee-dependencies/Jetson_Linux_R35.4.1_aarch64/Linux_for_Tegra/sources/tegra/optee-src/nv-optee/optee/build/t234/export-ta_arm64/lib/libmbedtls.a(constant_time.o)
                                        0x1f8 (size before relaxing)
 .eh_frame      0x000000000000f098       0x18 /home/nick2/optee-dependencies/Jetson_Linux_R35.4.1_aarch64/Linux_for_Tegra/sources/tegra/optee-src/nv-optee/optee/build/t234/export-ta_arm64/lib/libmbedtls.a(platform_util.o)
                                         0x28 (size before relaxing)
 .eh_frame      0x000000000000f0b0      0x2d8 /home/nick2/optee-dependencies/Jetson_Linux_R35.4.1_aarch64/Linux_for_Tegra/sources/tegra/optee-src/nv-optee/optee/build/t234/export-ta_arm64/lib/libutils.a(bget_malloc.o)
                                        0x2e8 (size before relaxing)
 .eh_frame      0x000000000000f388       0x58 /home/nick2/optee-dependencies/Jetson_Linux_R35.4.1_aarch64/Linux_for_Tegra/sources/tegra/optee-src/nv-optee/optee/build/t234/export-ta_arm64/lib/libutils.a(snprintf.o)
                                         0x68 (size before relaxing)
 .eh_frame      0x000000000000f3e0       0x18 /home/nick2/optee-dependencies/Jetson_Linux_R35.4.1_aarch64/Linux_for_Tegra/sources/tegra/optee-src/nv-optee/optee/build/t234/export-ta_arm64/lib/libutils.a(memmove.o)
                                         0x28 (size before relaxing)
 .eh_frame      0x000000000000f3f8       0x18 /home/nick2/optee-dependencies/Jetson_Linux_R35.4.1_aarch64/Linux_for_Tegra/sources/tegra/optee-src/nv-optee/optee/build/t234/export-ta_arm64/lib/libutils.a(memset.o)
                                         0x28 (size before relaxing)
 .eh_frame      0x000000000000f410       0x18 /home/nick2/optee-dependencies/Jetson_Linux_R35.4.1_aarch64/Linux_for_Tegra/sources/tegra/optee-src/nv-optee/optee/build/t234/export-ta_arm64/lib/libutils.a(strcmp.o)
                                         0x28 (size before relaxing)
 .eh_frame      0x000000000000f428       0x18 /home/nick2/optee-dependencies/Jetson_Linux_R35.4.1_aarch64/Linux_for_Tegra/sources/tegra/optee-src/nv-optee/optee/build/t234/export-ta_arm64/lib/libutils.a(strlcpy.o)
                                         0x28 (size before relaxing)
 .eh_frame      0x000000000000f440       0x88 /home/nick2/optee-dependencies/Jetson_Linux_R35.4.1_aarch64/Linux_for_Tegra/sources/tegra/optee-src/nv-optee/optee/build/t234/export-ta_arm64/lib/libutils.a(mempool.o)
                                         0xa0 (size before relaxing)
 .eh_frame      0x000000000000f4c8       0x1c /home/nick2/optee-dependencies/Jetson_Linux_R35.4.1_aarch64/Linux_for_Tegra/sources/tegra/optee-src/nv-optee/optee/build/t234/export-ta_arm64/lib/libutils.a(consttime_memcmp.o)
                                         0x30 (size before relaxing)
 *(SORT_BY_ALIGNMENT(.eh_frame.*))

.gcc_except_table
 *(SORT_BY_ALIGNMENT(.gcc_except_table) SORT_BY_ALIGNMENT(.gcc_except_table.*))

.rodata         0x000000000000f4e8     0x138d
 *(SORT_BY_ALIGNMENT(.gnu.linkonce.r.*))
 *(SORT_BY_ALIGNMENT(.rodata) SORT_BY_ALIGNMENT(.rodata.*))
 .rodata.user_ta_header.c
                0x000000000000f4e8       0x33 ./user_ta_header.o
                0x000000000000f4e8                ta_num_props
                0x000000000000f508                __ta_no_share_heap_size
                0x000000000000f510                ta_heap_size
                0x000000000000f518                trace_ext_prefix
 *fill*         0x000000000000f51b        0x5 
 .rodata.lib/libutee/tee_api.c
                0x000000000000f520       0x20 /home/nick2/optee-dependencies/Jetson_Linux_R35.4.1_aarch64/Linux_for_Tegra/sources/tegra/optee-src/nv-optee/optee/build/t234/export-ta_arm64/lib/libutee.a(tee_api.o)
 .rodata.lib/libutils/ext/snprintk.c
                0x000000000000f540       0xac /home/nick2/optee-dependencies/Jetson_Linux_R35.4.1_aarch64/Linux_for_Tegra/sources/tegra/optee-src/nv-optee/optee/build/t234/export-ta_arm64/lib/libutils.a(snprintk.o)
 .rodata.lib/libutee/tee_api_property.c
                0x000000000000f5ec       0x20 /home/nick2/optee-dependencies/Jetson_Linux_R35.4.1_aarch64/Linux_for_Tegra/sources/tegra/optee-src/nv-optee/optee/build/t234/export-ta_arm64/lib/libutee.a(tee_api_property.o)
 .rodata.lib/libutee/tee_system_pta.c
                0x000000000000f60c       0x31 /home/nick2/optee-dependencies/Jetson_Linux_R35.4.1_aarch64/Linux_for_Tegra/sources/tegra/optee-src/nv-optee/optee/build/t234/export-ta_arm64/lib/libutee.a(tee_system_pta.o)
 *fill*         0x000000000000f63d        0x3 
 .rodata.lib/libutee/base64.c
                0x000000000000f640       0x45 /home/nick2/optee-dependencies/Jetson_Linux_R35.4.1_aarch64/Linux_for_Tegra/sources/tegra/optee-src/nv-optee/optee/build/t234/export-ta_arm64/lib/libutee.a(base64.o)
 *fill*         0x000000000000f685        0x3 
 .rodata.lib/libmbedtls/mbedtls/library/bignum.c
                0x000000000000f688      0x2c4 /home/nick2/optee-dependencies/Jetson_Linux_R35.4.1_aarch64/Linux_for_Tegra/sources/tegra/optee-src/nv-optee/optee/build/t234/export-ta_arm64/lib/libmbedtls.a(bignum.o)
 .rodata.str1.1.hello_world_ta.c
                0x000000000000f94c       0xd1 ./hello_world_ta.o
 .rodata.hello_world_ta.c
                0x000000000000fa1d       0x5c ./hello_world_ta.o
 .rodata.str1.1.user_ta_header.c
                0x000000000000fa79      0x15f ./user_ta_header.o
 .rodata.str1.1.lib/libutils/ext/trace.c
                0x000000000000fbd8       0x1a /home/nick2/optee-dependencies/Jetson_Linux_R35.4.1_aarch64/Linux_for_Tegra/sources/tegra/optee-src/nv-optee/optee/build/t234/export-ta_arm64/lib/libutils.a(trace.o)
                                         0x1b (size before relaxing)
 .rodata.lib/libutils/ext/trace.c
                0x000000000000fbf2        0x5 /home/nick2/optee-dependencies/Jetson_Linux_R35.4.1_aarch64/Linux_for_Tegra/sources/tegra/optee-src/nv-optee/optee/build/t234/export-ta_arm64/lib/libutils.a(trace.o)
 .rodata.str1.1.lib/libutils/isoc/stack_check.c
                0x000000000000fbf7       0x18 /home/nick2/optee-dependencies/Jetson_Linux_R35.4.1_aarch64/Linux_for_Tegra/sources/tegra/optee-src/nv-optee/optee/build/t234/export-ta_arm64/lib/libutils.a(stack_check.o)
 .rodata.str1.1.lib/libutils/ext/snprintk.c
                0x000000000000fc0f       0x38 /home/nick2/optee-dependencies/Jetson_Linux_R35.4.1_aarch64/Linux_for_Tegra/sources/tegra/optee-src/nv-optee/optee/build/t234/export-ta_arm64/lib/libutils.a(snprintk.o)
 .rodata.str1.1.lib/libutee/trace_ext.c
                0x000000000000fc47       0x38 /home/nick2/optee-dependencies/Jetson_Linux_R35.4.1_aarch64/Linux_for_Tegra/sources/tegra/optee-src/nv-optee/optee/build/t234/export-ta_arm64/lib/libutee.a(trace_ext.o)
                                          0x2 (size before relaxing)
 .rodata.str1.1.lib/libutee/user_ta_entry.c
                0x000000000000fc47       0x4f /home/nick2/optee-dependencies/Jetson_Linux_R35.4.1_aarch64/Linux_for_Tegra/sources/tegra/optee-src/nv-optee/optee/build/t234/export-ta_arm64/lib/libutee.a(user_ta_entry.o)
 .rodata.lib/libutee/user_ta_entry.c
                0x000000000000fc96       0x16 /home/nick2/optee-dependencies/Jetson_Linux_R35.4.1_aarch64/Linux_for_Tegra/sources/tegra/optee-src/nv-optee/optee/build/t234/export-ta_arm64/lib/libutee.a(user_ta_entry.o)
 .rodata.str1.1.lib/libutee/abort.c
                0x000000000000fcac        0x7 /home/nick2/optee-dependencies/Jetson_Linux_R35.4.1_aarch64/Linux_for_Tegra/sources/tegra/optee-src/nv-optee/optee/build/t234/export-ta_arm64/lib/libutee.a(abort.o)
 .rodata.str1.1.lib/libutee/tee_api.c
                0x000000000000fcb3       0x11 /home/nick2/optee-dependencies/Jetson_Linux_R35.4.1_aarch64/Linux_for_Tegra/sources/tegra/optee-src/nv-optee/optee/build/t234/export-ta_arm64/lib/libutee.a(tee_api.o)
 .rodata.str1.1.lib/libutee/tee_api_arith_mpi.c
                0x000000000000fcc4       0xc9 /home/nick2/optee-dependencies/Jetson_Linux_R35.4.1_aarch64/Linux_for_Tegra/sources/tegra/optee-src/nv-optee/optee/build/t234/export-ta_arm64/lib/libutee.a(tee_api_arith_mpi.o)
 .rodata.lib/libutee/tee_api_arith_mpi.c
                0x000000000000fd8d      0x14e /home/nick2/optee-dependencies/Jetson_Linux_R35.4.1_aarch64/Linux_for_Tegra/sources/tegra/optee-src/nv-optee/optee/build/t234/export-ta_arm64/lib/libutee.a(tee_api_arith_mpi.o)
 .rodata.str1.1.lib/libutee/tee_api_property.c
                0x000000000000fedb       0x83 /home/nick2/optee-dependencies/Jetson_Linux_R35.4.1_aarch64/Linux_for_Tegra/sources/tegra/optee-src/nv-optee/optee/build/t234/export-ta_arm64/lib/libutee.a(tee_api_property.o)
                                         0x88 (size before relaxing)
 .rodata.str1.1.lib/libutee/tee_system_pta.c
                0x000000000000ff5e       0x55 /home/nick2/optee-dependencies/Jetson_Linux_R35.4.1_aarch64/Linux_for_Tegra/sources/tegra/optee-src/nv-optee/optee/build/t234/export-ta_arm64/lib/libutee.a(tee_system_pta.o)
 .rodata.str1.1.lib/libutee/tcb.c
                0x000000000000ffb3       0x8d /home/nick2/optee-dependencies/Jetson_Linux_R35.4.1_aarch64/Linux_for_Tegra/sources/tegra/optee-src/nv-optee/optee/build/t234/export-ta_arm64/lib/libutee.a(tcb.o)
 .rodata.lib/libutee/tcb.c
                0x0000000000010040       0x20 /home/nick2/optee-dependencies/Jetson_Linux_R35.4.1_aarch64/Linux_for_Tegra/sources/tegra/optee-src/nv-optee/optee/build/t234/export-ta_arm64/lib/libutee.a(tcb.o)
 .rodata.str1.1.lib/libutee/assert.c
                0x0000000000010060       0x27 /home/nick2/optee-dependencies/Jetson_Linux_R35.4.1_aarch64/Linux_for_Tegra/sources/tegra/optee-src/nv-optee/optee/build/t234/export-ta_arm64/lib/libutee.a(assert.o)
 .rodata.str1.1.lib/libmbedtls/mbedtls/library/bignum.c
                0x0000000000010087      0x456 /home/nick2/optee-dependencies/Jetson_Linux_R35.4.1_aarch64/Linux_for_Tegra/sources/tegra/optee-src/nv-optee/optee/build/t234/export-ta_arm64/lib/libmbedtls.a(bignum.o)
                                        0x45d (size before relaxing)
 .rodata.str1.1.lib/libutils/isoc/bget_malloc.c
                0x00000000000104dd      0x292 /home/nick2/optee-dependencies/Jetson_Linux_R35.4.1_aarch64/Linux_for_Tegra/sources/tegra/optee-src/nv-optee/optee/build/t234/export-ta_arm64/lib/libutils.a(bget_malloc.o)
                                        0x29b (size before relaxing)
 .rodata.lib/libutils/isoc/bget_malloc.c
                0x000000000001076f       0x51 /home/nick2/optee-dependencies/Jetson_Linux_R35.4.1_aarch64/Linux_for_Tegra/sources/tegra/optee-src/nv-optee/optee/build/t234/export-ta_arm64/lib/libutils.a(bget_malloc.o)
 .rodata.str1.1.lib/libutils/ext/mempool.c
                0x00000000000107c0       0x89 /home/nick2/optee-dependencies/Jetson_Linux_R35.4.1_aarch64/Linux_for_Tegra/sources/tegra/optee-src/nv-optee/optee/build/t234/export-ta_arm64/lib/libutils.a(mempool.o)
 .rodata.lib/libutils/ext/mempool.c
                0x0000000000010849       0x2c /home/nick2/optee-dependencies/Jetson_Linux_R35.4.1_aarch64/Linux_for_Tegra/sources/tegra/optee-src/nv-optee/optee/build/t234/export-ta_arm64/lib/libutils.a(mempool.o)

.gnu.version_d  0x0000000000010878        0x0
 .gnu.version_d
                0x0000000000010878        0x0 ./hello_world_ta.o

.gnu.version    0x0000000000010876        0x0
 .gnu.version   0x0000000000010876        0x0 ./hello_world_ta.o

.gnu.version_r  0x0000000000010878        0x0
 .gnu.version_r
                0x0000000000010878        0x0 ./hello_world_ta.o

.gnu.hash       0x0000000000010878       0x30
 .gnu.hash      0x0000000000010878       0x30 ./hello_world_ta.o

.ARM.extab
 *(SORT_BY_ALIGNMENT(.ARM.extab*) SORT_BY_ALIGNMENT(.gnu.linkonce.armextab.*))
                [!provide]                        PROVIDE (__exidx_start = .)

.ARM.exidx
 *(SORT_BY_ALIGNMENT(.ARM.exidx*) SORT_BY_ALIGNMENT(.gnu.linkonce.armexidx.*))
                [!provide]                        PROVIDE (__exidx_end = .)

.ctors
 *(SORT_BY_ALIGNMENT(.ctors))

.dtors
 *(SORT_BY_ALIGNMENT(.dtors))

.dynsym         0x00000000000108a8       0x90
 *(SORT_BY_ALIGNMENT(.dynsym))
 .dynsym        0x00000000000108a8       0x90 ./hello_world_ta.o

.dynstr         0x0000000000010938       0x2e
 *(SORT_BY_ALIGNMENT(.dynstr))
 .dynstr        0x0000000000010938       0x2e ./hello_world_ta.o

.hash           0x0000000000010968       0x2c
 *(SORT_BY_ALIGNMENT(.hash))
 .hash          0x0000000000010968       0x2c ./hello_world_ta.o

.rela.dyn       0x0000000000010998      0x348
 .rela.data.rel.ro
                0x0000000000010998        0x0 ./hello_world_ta.o
 .rela.ifunc    0x0000000000010998        0x0 ./hello_world_ta.o
 .rela.data.rel.ro.local
                0x0000000000010998      0x2d0 ./hello_world_ta.o
 .rela.data.rel.local
                0x0000000000010c68       0x60 ./hello_world_ta.o
 .rela.data.rel
                0x0000000000010cc8       0x18 ./hello_world_ta.o
                0x0000000000011000                . = ALIGN (0x1000)

.dynamic        0x0000000000011000      0x150
 *(SORT_BY_ALIGNMENT(.dynamic))
 .dynamic       0x0000000000011000      0x150 ./hello_world_ta.o
                0x0000000000011000                _DYNAMIC

.tdata
 *(SORT_BY_ALIGNMENT(.tdata) SORT_BY_ALIGNMENT(.tdata.*) SORT_BY_ALIGNMENT(.gnu.linkonce.td.*))

.tbss
 *(SORT_BY_ALIGNMENT(.tbss) SORT_BY_ALIGNMENT(.tbss.*) SORT_BY_ALIGNMENT(.gnu.linkonce.tb.*))
 *(SORT_BY_ALIGNMENT(.tcommon))

.got            0x0000000000011150       0xe8
 *(SORT_BY_ALIGNMENT(.got.plt))
 .got.plt       0x0000000000011150       0x30 ./hello_world_ta.o
 *(SORT_BY_ALIGNMENT(.got))
 .got           0x0000000000011180       0xb8 ./hello_world_ta.o
                0x0000000000011180                _GLOBAL_OFFSET_TABLE_

.rel.text
 *(SORT_BY_ALIGNMENT(.rel.text))
 *(SORT_BY_ALIGNMENT(.rel.gnu.linkonce.t*))

.rela.text
 *(SORT_BY_ALIGNMENT(.rela.text))
 *(SORT_BY_ALIGNMENT(.rela.gnu.linkonce.t*))

.rel.data
 *(SORT_BY_ALIGNMENT(.rel.data))
 *(SORT_BY_ALIGNMENT(.rel.gnu.linkonce.d*))

.rela.data
 *(SORT_BY_ALIGNMENT(.rela.data))
 *(SORT_BY_ALIGNMENT(.rela.gnu.linkonce.d*))

.rel.tdata
 *(SORT_BY_ALIGNMENT(.rel.tdata) SORT_BY_ALIGNMENT(.rel.tdata.*) SORT_BY_ALIGNMENT(.rel.gnu.linkonce.td.*))

.rela.tdata
 *(SORT_BY_ALIGNMENT(.rela.tdata) SORT_BY_ALIGNMENT(.rela.tdata.*) SORT_BY_ALIGNMENT(.rela.gnu.linkonce.td.*))

.rel.tbss
 *(SORT_BY_ALIGNMENT(.rel.tbss) SORT_BY_ALIGNMENT(.rel.tbss.*) SORT_BY_ALIGNMENT(.rel.gnu.linkonce.tb.*))

.rela.tbss
 *(SORT_BY_ALIGNMENT(.rela.tbss) SORT_BY_ALIGNMENT(.rela.tbss.*) SORT_BY_ALIGNMENT(.rela.gnu.linkonce.tb.*))

.rel.rodata
 *(SORT_BY_ALIGNMENT(.rel.rodata))
 *(SORT_BY_ALIGNMENT(.rel.gnu.linkonce.r*))

.rela.rodata
 *(SORT_BY_ALIGNMENT(.rela.rodata))
 *(SORT_BY_ALIGNMENT(.rela.gnu.linkonce.r*))

.rel.dyn
 *(SORT_BY_ALIGNMENT(.rel.dyn))

.rel.got
 *(SORT_BY_ALIGNMENT(.rel.got))

.rela.got       0x0000000000011238      0x210
 *(SORT_BY_ALIGNMENT(.rela.got))
 .rela.got      0x0000000000011238      0x210 ./hello_world_ta.o

.rel.ctors
 *(SORT_BY_ALIGNMENT(.rel.ctors))

.rela.ctors
 *(SORT_BY_ALIGNMENT(.rela.ctors))

.rel.dtors
 *(SORT_BY_ALIGNMENT(.rel.dtors))

.rela.dtors
 *(SORT_BY_ALIGNMENT(.rela.dtors))

.rel.init
 *(SORT_BY_ALIGNMENT(.rel.init))

.rela.init
 *(SORT_BY_ALIGNMENT(.rela.init))

.rel.fini
 *(SORT_BY_ALIGNMENT(.rel.fini))

.rela.fini
 *(SORT_BY_ALIGNMENT(.rela.fini))

.rel.bss
 *(SORT_BY_ALIGNMENT(.rel.bss))

.rela.bss       0x0000000000011448        0x0
 *(SORT_BY_ALIGNMENT(.rela.bss))
 .rela.bss      0x0000000000011448        0x0 ./hello_world_ta.o

.rel.plt
 *(SORT_BY_ALIGNMENT(.rel.plt))

.rela.plt       0x0000000000011448       0x48
 *(SORT_BY_ALIGNMENT(.rela.plt))
 .rela.plt      0x0000000000011448       0x48 ./hello_world_ta.o

.data           0x0000000000011490      0x1cc
 *(SORT_BY_ALIGNMENT(.data) SORT_BY_ALIGNMENT(.data.*) SORT_BY_ALIGNMENT(.gnu.linkonce.d.*))
 .data.rel.ro.local
                0x0000000000011490      0x108 ./user_ta_header.o
                0x0000000000011490                ta_props
 .data          0x0000000000011598        0x8 /home/nick2/optee-dependencies/Jetson_Linux_R35.4.1_aarch64/Linux_for_Tegra/sources/tegra/optee-src/nv-optee/optee/build/t234/export-ta_arm64/lib/libutils.a(stack_check.o)
                0x0000000000011598                __stack_chk_guard
 .data.rel.local
                0x00000000000115a0       0x20 /home/nick2/optee-dependencies/Jetson_Linux_R35.4.1_aarch64/Linux_for_Tegra/sources/tegra/optee-src/nv-optee/optee/build/t234/export-ta_arm64/lib/libutee.a(user_ta_entry.o)
 .data.rel.ro.local
                0x00000000000115c0       0x60 /home/nick2/optee-dependencies/Jetson_Linux_R35.4.1_aarch64/Linux_for_Tegra/sources/tegra/optee-src/nv-optee/optee/build/t234/export-ta_arm64/lib/libutee.a(tee_api_property.o)
                0x00000000000115c0                tee_props
 .data.rel      0x0000000000011620        0x8 /home/nick2/optee-dependencies/Jetson_Linux_R35.4.1_aarch64/Linux_for_Tegra/sources/tegra/optee-src/nv-optee/optee/build/t234/export-ta_arm64/lib/libmbedtls.a(platform_util.o)
 .data.rel.local
                0x0000000000011628       0x30 /home/nick2/optee-dependencies/Jetson_Linux_R35.4.1_aarch64/Linux_for_Tegra/sources/tegra/optee-src/nv-optee/optee/build/t234/export-ta_arm64/lib/libutils.a(bget_malloc.o)
 .data          0x0000000000011658        0x4 ./user_ta_header.o
                0x0000000000011658                trace_level
 .data          0x000000000001165c        0x0 ./hello_world_ta.o
 .data.rel.ro   0x000000000001165c        0x0 ./hello_world_ta.o
 .data          0x000000000001165c        0x0 /home/nick2/optee-dependencies/Jetson_Linux_R35.4.1_aarch64/Linux_for_Tegra/sources/tegra/optee-src/nv-optee/optee/build/t234/export-ta_arm64/lib/libutils.a(trace.o)
 .data          0x000000000001165c        0x0 /home/nick2/optee-dependencies/Jetson_Linux_R35.4.1_aarch64/Linux_for_Tegra/sources/tegra/optee-src/nv-optee/optee/build/t234/export-ta_arm64/lib/libutils.a(memcpy.o)
 .data          0x000000000001165c        0x0 /home/nick2/optee-dependencies/Jetson_Linux_R35.4.1_aarch64/Linux_for_Tegra/sources/tegra/optee-src/nv-optee/optee/build/t234/export-ta_arm64/lib/libutils.a(snprintk.o)
 .data          0x000000000001165c        0x0 /home/nick2/optee-dependencies/Jetson_Linux_R35.4.1_aarch64/Linux_for_Tegra/sources/tegra/optee-src/nv-optee/optee/build/t234/export-ta_arm64/lib/libutils.a(memchr.o)
 .data          0x000000000001165c        0x0 /home/nick2/optee-dependencies/Jetson_Linux_R35.4.1_aarch64/Linux_for_Tegra/sources/tegra/optee-src/nv-optee/optee/build/t234/export-ta_arm64/lib/libutils.a(strlen.o)
 .data          0x000000000001165c        0x0 /home/nick2/optee-dependencies/Jetson_Linux_R35.4.1_aarch64/Linux_for_Tegra/sources/tegra/optee-src/nv-optee/optee/build/t234/export-ta_arm64/lib/libutee.a(trace_ext.o)
 .data          0x000000000001165c        0x0 /home/nick2/optee-dependencies/Jetson_Linux_R35.4.1_aarch64/Linux_for_Tegra/sources/tegra/optee-src/nv-optee/optee/build/t234/export-ta_arm64/lib/libutee.a(user_ta_entry.o)
 .data          0x000000000001165c        0x0 /home/nick2/optee-dependencies/Jetson_Linux_R35.4.1_aarch64/Linux_for_Tegra/sources/tegra/optee-src/nv-optee/optee/build/t234/export-ta_arm64/lib/libutee.a(user_ta_entry_compat.o)
 .data          0x000000000001165c        0x0 /home/nick2/optee-dependencies/Jetson_Linux_R35.4.1_aarch64/Linux_for_Tegra/sources/tegra/optee-src/nv-optee/optee/build/t234/export-ta_arm64/lib/libutee.a(utee_syscalls_a64.o)
 .data          0x000000000001165c        0x0 /home/nick2/optee-dependencies/Jetson_Linux_R35.4.1_aarch64/Linux_for_Tegra/sources/tegra/optee-src/nv-optee/optee/build/t234/export-ta_arm64/lib/libutee.a(abort.o)
 .data          0x000000000001165c        0x0 /home/nick2/optee-dependencies/Jetson_Linux_R35.4.1_aarch64/Linux_for_Tegra/sources/tegra/optee-src/nv-optee/optee/build/t234/export-ta_arm64/lib/libutee.a(tee_api.o)
 .data          0x000000000001165c        0x0 /home/nick2/optee-dependencies/Jetson_Linux_R35.4.1_aarch64/Linux_for_Tegra/sources/tegra/optee-src/nv-optee/optee/build/t234/export-ta_arm64/lib/libutee.a(tee_api_arith_mpi.o)
 .data          0x000000000001165c        0x0 /home/nick2/optee-dependencies/Jetson_Linux_R35.4.1_aarch64/Linux_for_Tegra/sources/tegra/optee-src/nv-optee/optee/build/t234/export-ta_arm64/lib/libutee.a(tee_api_panic.o)
 .data          0x000000000001165c        0x0 /home/nick2/optee-dependencies/Jetson_Linux_R35.4.1_aarch64/Linux_for_Tegra/sources/tegra/optee-src/nv-optee/optee/build/t234/export-ta_arm64/lib/libutee.a(tee_api_property.o)
 .data          0x000000000001165c        0x0 /home/nick2/optee-dependencies/Jetson_Linux_R35.4.1_aarch64/Linux_for_Tegra/sources/tegra/optee-src/nv-optee/optee/build/t234/export-ta_arm64/lib/libutee.a(tee_system_pta.o)
 .data          0x000000000001165c        0x0 /home/nick2/optee-dependencies/Jetson_Linux_R35.4.1_aarch64/Linux_for_Tegra/sources/tegra/optee-src/nv-optee/optee/build/t234/export-ta_arm64/lib/libutee.a(tcb.o)
 .data          0x000000000001165c        0x0 /home/nick2/optee-dependencies/Jetson_Linux_R35.4.1_aarch64/Linux_for_Tegra/sources/tegra/optee-src/nv-optee/optee/build/t234/export-ta_arm64/lib/libutee.a(assert.o)
 .data          0x000000000001165c        0x0 /home/nick2/optee-dependencies/Jetson_Linux_R35.4.1_aarch64/Linux_for_Tegra/sources/tegra/optee-src/nv-optee/optee/build/t234/export-ta_arm64/lib/libutee.a(base64.o)
 .data          0x000000000001165c        0x0 /home/nick2/optee-dependencies/Jetson_Linux_R35.4.1_aarch64/Linux_for_Tegra/sources/tegra/optee-src/nv-optee/optee/build/t234/export-ta_arm64/lib/libmbedtls.a(bignum.o)
 .data          0x000000000001165c        0x0 /home/nick2/optee-dependencies/Jetson_Linux_R35.4.1_aarch64/Linux_for_Tegra/sources/tegra/optee-src/nv-optee/optee/build/t234/export-ta_arm64/lib/libmbedtls.a(constant_time.o)
 .data          0x000000000001165c        0x0 /home/nick2/optee-dependencies/Jetson_Linux_R35.4.1_aarch64/Linux_for_Tegra/sources/tegra/optee-src/nv-optee/optee/build/t234/export-ta_arm64/lib/libmbedtls.a(platform_util.o)
 .data          0x000000000001165c        0x0 /home/nick2/optee-dependencies/Jetson_Linux_R35.4.1_aarch64/Linux_for_Tegra/sources/tegra/optee-src/nv-optee/optee/build/t234/export-ta_arm64/lib/libutils.a(bget_malloc.o)
 .data          0x000000000001165c        0x0 /home/nick2/optee-dependencies/Jetson_Linux_R35.4.1_aarch64/Linux_for_Tegra/sources/tegra/optee-src/nv-optee/optee/build/t234/export-ta_arm64/lib/libutils.a(snprintf.o)
 .data          0x000000000001165c        0x0 /home/nick2/optee-dependencies/Jetson_Linux_R35.4.1_aarch64/Linux_for_Tegra/sources/tegra/optee-src/nv-optee/optee/build/t234/export-ta_arm64/lib/libutils.a(memmove.o)
 .data          0x000000000001165c        0x0 /home/nick2/optee-dependencies/Jetson_Linux_R35.4.1_aarch64/Linux_for_Tegra/sources/tegra/optee-src/nv-optee/optee/build/t234/export-ta_arm64/lib/libutils.a(memset.o)
 .data          0x000000000001165c        0x0 /home/nick2/optee-dependencies/Jetson_Linux_R35.4.1_aarch64/Linux_for_Tegra/sources/tegra/optee-src/nv-optee/optee/build/t234/export-ta_arm64/lib/libutils.a(strcmp.o)
 .data          0x000000000001165c        0x0 /home/nick2/optee-dependencies/Jetson_Linux_R35.4.1_aarch64/Linux_for_Tegra/sources/tegra/optee-src/nv-optee/optee/build/t234/export-ta_arm64/lib/libutils.a(strlcpy.o)
 .data          0x000000000001165c        0x0 /home/nick2/optee-dependencies/Jetson_Linux_R35.4.1_aarch64/Linux_for_Tegra/sources/tegra/optee-src/nv-optee/optee/build/t234/export-ta_arm64/lib/libutils.a(mempool.o)
 .data          0x000000000001165c        0x0 /home/nick2/optee-dependencies/Jetson_Linux_R35.4.1_aarch64/Linux_for_Tegra/sources/tegra/optee-src/nv-optee/optee/build/t234/export-ta_arm64/lib/libutils.a(consttime_memcmp.o)

.bss            0x0000000000011660   0x40b868
 *(SORT_BY_ALIGNMENT(.bss) SORT_BY_ALIGNMENT(.bss.*) SORT_BY_ALIGNMENT(.gnu.linkonce.b.*) SORT_BY_ALIGNMENT(COMMON))
 .bss           0x0000000000011660        0x9 /home/nick2/optee-dependencies/Jetson_Linux_R35.4.1_aarch64/Linux_for_Tegra/sources/tegra/optee-src/nv-optee/optee/build/t234/export-ta_arm64/lib/libutee.a(user_ta_entry.o)
 *fill*         0x0000000000011669        0x7 
 COMMON         0x0000000000011670       0x60 /home/nick2/optee-dependencies/Jetson_Linux_R35.4.1_aarch64/Linux_for_Tegra/sources/tegra/optee-src/nv-optee/optee/build/t234/export-ta_arm64/lib/libutee.a(user_ta_entry.o)
                0x0000000000011670                ta_param_types
                0x0000000000011678                __ta_no_share_malloc_ctx
                0x0000000000011680                ta_params
                0x00000000000116c0                __elf_phdr_info
 .bss           0x00000000000116d0       0x10 /home/nick2/optee-dependencies/Jetson_Linux_R35.4.1_aarch64/Linux_for_Tegra/sources/tegra/optee-src/nv-optee/optee/build/t234/export-ta_arm64/lib/libutee.a(tee_api.o)
 .bss           0x00000000000116e0     0x3800 /home/nick2/optee-dependencies/Jetson_Linux_R35.4.1_aarch64/Linux_for_Tegra/sources/tegra/optee-src/nv-optee/optee/build/t234/export-ta_arm64/lib/libutee.a(tee_api_arith_mpi.o)
 .bss           0x0000000000014ee0        0x8 /home/nick2/optee-dependencies/Jetson_Linux_R35.4.1_aarch64/Linux_for_Tegra/sources/tegra/optee-src/nv-optee/optee/build/t234/export-ta_arm64/lib/libutee.a(tee_system_pta.o)
 .bss           0x0000000000014ee8       0x10 /home/nick2/optee-dependencies/Jetson_Linux_R35.4.1_aarch64/Linux_for_Tegra/sources/tegra/optee-src/nv-optee/optee/build/t234/export-ta_arm64/lib/libutee.a(tcb.o)
 COMMON         0x0000000000014ef8        0x8 /home/nick2/optee-dependencies/Jetson_Linux_R35.4.1_aarch64/Linux_for_Tegra/sources/tegra/optee-src/nv-optee/optee/build/t234/export-ta_arm64/lib/libmbedtls.a(bignum.o)
                0x0000000000014ef8                mbedtls_mpi_mempool
 .bss           0x0000000000014f00   0x3fffc8 ./hello_world_ta.o
 .bss           0x0000000000414ec8     0x8000 ./user_ta_header.o
                0x0000000000414ec8                ta_heap
                0x0000000000414ec8                __ta_no_share_heap
 .bss           0x000000000041cec8        0x0 /home/nick2/optee-dependencies/Jetson_Linux_R35.4.1_aarch64/Linux_for_Tegra/sources/tegra/optee-src/nv-optee/optee/build/t234/export-ta_arm64/lib/libutils.a(trace.o)
 .bss           0x000000000041cec8        0x0 /home/nick2/optee-dependencies/Jetson_Linux_R35.4.1_aarch64/Linux_for_Tegra/sources/tegra/optee-src/nv-optee/optee/build/t234/export-ta_arm64/lib/libutils.a(stack_check.o)
 .bss           0x000000000041cec8        0x0 /home/nick2/optee-dependencies/Jetson_Linux_R35.4.1_aarch64/Linux_for_Tegra/sources/tegra/optee-src/nv-optee/optee/build/t234/export-ta_arm64/lib/libutils.a(memcpy.o)
 .bss           0x000000000041cec8        0x0 /home/nick2/optee-dependencies/Jetson_Linux_R35.4.1_aarch64/Linux_for_Tegra/sources/tegra/optee-src/nv-optee/optee/build/t234/export-ta_arm64/lib/libutils.a(snprintk.o)
 .bss           0x000000000041cec8        0x0 /home/nick2/optee-dependencies/Jetson_Linux_R35.4.1_aarch64/Linux_for_Tegra/sources/tegra/optee-src/nv-optee/optee/build/t234/export-ta_arm64/lib/libutils.a(memchr.o)
 .bss           0x000000000041cec8        0x0 /home/nick2/optee-dependencies/Jetson_Linux_R35.4.1_aarch64/Linux_for_Tegra/sources/tegra/optee-src/nv-optee/optee/build/t234/export-ta_arm64/lib/libutils.a(strlen.o)
 .bss           0x000000000041cec8        0x0 /home/nick2/optee-dependencies/Jetson_Linux_R35.4.1_aarch64/Linux_for_Tegra/sources/tegra/optee-src/nv-optee/optee/build/t234/export-ta_arm64/lib/libutee.a(trace_ext.o)
 .bss           0x000000000041cec8        0x0 /home/nick2/optee-dependencies/Jetson_Linux_R35.4.1_aarch64/Linux_for_Tegra/sources/tegra/optee-src/nv-optee/optee/build/t234/export-ta_arm64/lib/libutee.a(user_ta_entry_compat.o)
 .bss           0x000000000041cec8        0x0 /home/nick2/optee-dependencies/Jetson_Linux_R35.4.1_aarch64/Linux_for_Tegra/sources/tegra/optee-src/nv-optee/optee/build/t234/export-ta_arm64/lib/libutee.a(utee_syscalls_a64.o)
 .bss           0x000000000041cec8        0x0 /home/nick2/optee-dependencies/Jetson_Linux_R35.4.1_aarch64/Linux_for_Tegra/sources/tegra/optee-src/nv-optee/optee/build/t234/export-ta_arm64/lib/libutee.a(abort.o)
 .bss           0x000000000041cec8        0x0 /home/nick2/optee-dependencies/Jetson_Linux_R35.4.1_aarch64/Linux_for_Tegra/sources/tegra/optee-src/nv-optee/optee/build/t234/export-ta_arm64/lib/libutee.a(tee_api_panic.o)
 .bss           0x000000000041cec8        0x0 /home/nick2/optee-dependencies/Jetson_Linux_R35.4.1_aarch64/Linux_for_Tegra/sources/tegra/optee-src/nv-optee/optee/build/t234/export-ta_arm64/lib/libutee.a(tee_api_property.o)
 .bss           0x000000000041cec8        0x0 /home/nick2/optee-dependencies/Jetson_Linux_R35.4.1_aarch64/Linux_for_Tegra/sources/tegra/optee-src/nv-optee/optee/build/t234/export-ta_arm64/lib/libutee.a(assert.o)
 .bss           0x000000000041cec8        0x0 /home/nick2/optee-dependencies/Jetson_Linux_R35.4.1_aarch64/Linux_for_Tegra/sources/tegra/optee-src/nv-optee/optee/build/t234/export-ta_arm64/lib/libutee.a(base64.o)
 .bss           0x000000000041cec8        0x0 /home/nick2/optee-dependencies/Jetson_Linux_R35.4.1_aarch64/Linux_for_Tegra/sources/tegra/optee-src/nv-optee/optee/build/t234/export-ta_arm64/lib/libmbedtls.a(bignum.o)
 .bss           0x000000000041cec8        0x0 /home/nick2/optee-dependencies/Jetson_Linux_R35.4.1_aarch64/Linux_for_Tegra/sources/tegra/optee-src/nv-optee/optee/build/t234/export-ta_arm64/lib/libmbedtls.a(constant_time.o)
 .bss           0x000000000041cec8        0x0 /home/nick2/optee-dependencies/Jetson_Linux_R35.4.1_aarch64/Linux_for_Tegra/sources/tegra/optee-src/nv-optee/optee/build/t234/export-ta_arm64/lib/libmbedtls.a(platform_util.o)
 .bss           0x000000000041cec8        0x0 /home/nick2/optee-dependencies/Jetson_Linux_R35.4.1_aarch64/Linux_for_Tegra/sources/tegra/optee-src/nv-optee/optee/build/t234/export-ta_arm64/lib/libutils.a(bget_malloc.o)
 .bss           0x000000000041cec8        0x0 /home/nick2/optee-dependencies/Jetson_Linux_R35.4.1_aarch64/Linux_for_Tegra/sources/tegra/optee-src/nv-optee/optee/build/t234/export-ta_arm64/lib/libutils.a(snprintf.o)
 .bss           0x000000000041cec8        0x0 /home/nick2/optee-dependencies/Jetson_Linux_R35.4.1_aarch64/Linux_for_Tegra/sources/tegra/optee-src/nv-optee/optee/build/t234/export-ta_arm64/lib/libutils.a(memmove.o)
 .bss           0x000000000041cec8        0x0 /home/nick2/optee-dependencies/Jetson_Linux_R35.4.1_aarch64/Linux_for_Tegra/sources/tegra/optee-src/nv-optee/optee/build/t234/export-ta_arm64/lib/libutils.a(memset.o)
 .bss           0x000000000041cec8        0x0 /home/nick2/optee-dependencies/Jetson_Linux_R35.4.1_aarch64/Linux_for_Tegra/sources/tegra/optee-src/nv-optee/optee/build/t234/export-ta_arm64/lib/libutils.a(strcmp.o)
 .bss           0x000000000041cec8        0x0 /home/nick2/optee-dependencies/Jetson_Linux_R35.4.1_aarch64/Linux_for_Tegra/sources/tegra/optee-src/nv-optee/optee/build/t234/export-ta_arm64/lib/libutils.a(strlcpy.o)
 .bss           0x000000000041cec8        0x0 /home/nick2/optee-dependencies/Jetson_Linux_R35.4.1_aarch64/Linux_for_Tegra/sources/tegra/optee-src/nv-optee/optee/build/t234/export-ta_arm64/lib/libutils.a(mempool.o)
 .bss           0x000000000041cec8        0x0 /home/nick2/optee-dependencies/Jetson_Linux_R35.4.1_aarch64/Linux_for_Tegra/sources/tegra/optee-src/nv-optee/optee/build/t234/export-ta_arm64/lib/libutils.a(consttime_memcmp.o)
                0x000000000041cec8                . = ALIGN (0x8)
                0x000000000041cec8                __ftrace_buf_start = .
                0x000000000041cec8                . = (. + DEFINED (_mcount)?0x800:0x0)
                0x000000000041cec8                __ftrace_buf_end = .

.dynbss         0x000000000041cec8        0x0
 .dynbss        0x000000000041cec8        0x0 ./hello_world_ta.o

/DISCARD/
 *(SORT_BY_ALIGNMENT(.interp))
LOAD ./hello_world_ta.o
LOAD ./user_ta_header.o
START GROUP
LOAD /home/nick2/optee-dependencies/Jetson_Linux_R35.4.1_aarch64/Linux_for_Tegra/sources/tegra/optee-src/nv-optee/optee/build/t234/export-ta_arm64/lib/libutils.a
LOAD /home/nick2/optee-dependencies/Jetson_Linux_R35.4.1_aarch64/Linux_for_Tegra/sources/tegra/optee-src/nv-optee/optee/build/t234/export-ta_arm64/lib/libutee.a
LOAD /home/nick2/optee-dependencies/Jetson_Linux_R35.4.1_aarch64/Linux_for_Tegra/sources/tegra/optee-src/nv-optee/optee/build/t234/export-ta_arm64/lib/libmbedtls.a
LOAD /home/nick2/optee-dependencies/Jetson_Linux_R35.4.1_aarch64/Linux_for_Tegra/sources/tegra/optee-src/nv-optee/optee/build/t234/export-ta_arm64/lib/libdl.a
END GROUP
LOAD /home/nick2/michael/aarch64--glibc--stable-2023.11-1/bin/../lib/gcc/aarch64-buildroot-linux-gnu/12.3.0/libgcc.a
LOAD /home/nick2/optee-dependencies/Jetson_Linux_R35.4.1_aarch64/Linux_for_Tegra/sources/tegra/optee-src/nv-optee/optee/build/t234/export-ta_arm64/lib/libutils.a
OUTPUT(8aaaf200-2450-11e4-abe2-0002a5d5c51b.elf elf64-littleaarch64)
LOAD linker stubs

.debug_info     0x0000000000000000    0x1a3b2
 .debug_info    0x0000000000000000      0x6c9 ./hello_world_ta.o
 .debug_info    0x00000000000006c9      0x78f ./user_ta_header.o
 .debug_info    0x0000000000000e58      0x6f0 /home/nick2/optee-dependencies/Jetson_Linux_R35.4.1_aarch64/Linux_for_Tegra/sources/tegra/optee-src/nv-optee/optee/build/t234/export-ta_arm64/lib/libutils.a(trace.o)
 .debug_info    0x0000000000001548      0x14c /home/nick2/optee-dependencies/Jetson_Linux_R35.4.1_aarch64/Linux_for_Tegra/sources/tegra/optee-src/nv-optee/optee/build/t234/export-ta_arm64/lib/libutils.a(stack_check.o)
 .debug_info    0x0000000000001694      0x13c /home/nick2/optee-dependencies/Jetson_Linux_R35.4.1_aarch64/Linux_for_Tegra/sources/tegra/optee-src/nv-optee/optee/build/t234/export-ta_arm64/lib/libutils.a(memcpy.o)
 .debug_info    0x00000000000017d0      0x97c /home/nick2/optee-dependencies/Jetson_Linux_R35.4.1_aarch64/Linux_for_Tegra/sources/tegra/optee-src/nv-optee/optee/build/t234/export-ta_arm64/lib/libutils.a(snprintk.o)
 .debug_info    0x000000000000214c      0x106 /home/nick2/optee-dependencies/Jetson_Linux_R35.4.1_aarch64/Linux_for_Tegra/sources/tegra/optee-src/nv-optee/optee/build/t234/export-ta_arm64/lib/libutils.a(memchr.o)
 .debug_info    0x0000000000002252       0xbe /home/nick2/optee-dependencies/Jetson_Linux_R35.4.1_aarch64/Linux_for_Tegra/sources/tegra/optee-src/nv-optee/optee/build/t234/export-ta_arm64/lib/libutils.a(strlen.o)
 .debug_info    0x0000000000002310      0x3f6 /home/nick2/optee-dependencies/Jetson_Linux_R35.4.1_aarch64/Linux_for_Tegra/sources/tegra/optee-src/nv-optee/optee/build/t234/export-ta_arm64/lib/libutee.a(trace_ext.o)
 .debug_info    0x0000000000002706     0x1825 /home/nick2/optee-dependencies/Jetson_Linux_R35.4.1_aarch64/Linux_for_Tegra/sources/tegra/optee-src/nv-optee/optee/build/t234/export-ta_arm64/lib/libutee.a(user_ta_entry.o)
 .debug_info    0x0000000000003f2b      0x58c /home/nick2/optee-dependencies/Jetson_Linux_R35.4.1_aarch64/Linux_for_Tegra/sources/tegra/optee-src/nv-optee/optee/build/t234/export-ta_arm64/lib/libutee.a(user_ta_entry_compat.o)
 .debug_info    0x00000000000044b7       0x22 /home/nick2/optee-dependencies/Jetson_Linux_R35.4.1_aarch64/Linux_for_Tegra/sources/tegra/optee-src/nv-optee/optee/build/t234/export-ta_arm64/lib/libutee.a(utee_syscalls_a64.o)
 .debug_info    0x00000000000044d9      0x146 /home/nick2/optee-dependencies/Jetson_Linux_R35.4.1_aarch64/Linux_for_Tegra/sources/tegra/optee-src/nv-optee/optee/build/t234/export-ta_arm64/lib/libutee.a(abort.o)
 .debug_info    0x000000000000461f     0x27f8 /home/nick2/optee-dependencies/Jetson_Linux_R35.4.1_aarch64/Linux_for_Tegra/sources/tegra/optee-src/nv-optee/optee/build/t234/export-ta_arm64/lib/libutee.a(tee_api.o)
 .debug_info    0x0000000000006e17     0x516a /home/nick2/optee-dependencies/Jetson_Linux_R35.4.1_aarch64/Linux_for_Tegra/sources/tegra/optee-src/nv-optee/optee/build/t234/export-ta_arm64/lib/libutee.a(tee_api_arith_mpi.o)
 .debug_info    0x000000000000bf81      0xb05 /home/nick2/optee-dependencies/Jetson_Linux_R35.4.1_aarch64/Linux_for_Tegra/sources/tegra/optee-src/nv-optee/optee/build/t234/export-ta_arm64/lib/libutee.a(tee_api_panic.o)
 .debug_info    0x000000000000ca86     0x1a1c /home/nick2/optee-dependencies/Jetson_Linux_R35.4.1_aarch64/Linux_for_Tegra/sources/tegra/optee-src/nv-optee/optee/build/t234/export-ta_arm64/lib/libutee.a(tee_api_property.o)
 .debug_info    0x000000000000e4a2      0x814 /home/nick2/optee-dependencies/Jetson_Linux_R35.4.1_aarch64/Linux_for_Tegra/sources/tegra/optee-src/nv-optee/optee/build/t234/export-ta_arm64/lib/libutee.a(tee_system_pta.o)
 .debug_info    0x000000000000ecb6      0x9f4 /home/nick2/optee-dependencies/Jetson_Linux_R35.4.1_aarch64/Linux_for_Tegra/sources/tegra/optee-src/nv-optee/optee/build/t234/export-ta_arm64/lib/libutee.a(tcb.o)
 .debug_info    0x000000000000f6aa      0x1f6 /home/nick2/optee-dependencies/Jetson_Linux_R35.4.1_aarch64/Linux_for_Tegra/sources/tegra/optee-src/nv-optee/optee/build/t234/export-ta_arm64/lib/libutee.a(assert.o)
 .debug_info    0x000000000000f8a0      0x358 /home/nick2/optee-dependencies/Jetson_Linux_R35.4.1_aarch64/Linux_for_Tegra/sources/tegra/optee-src/nv-optee/optee/build/t234/export-ta_arm64/lib/libutee.a(base64.o)
 .debug_info    0x000000000000fbf8     0x601f /home/nick2/optee-dependencies/Jetson_Linux_R35.4.1_aarch64/Linux_for_Tegra/sources/tegra/optee-src/nv-optee/optee/build/t234/export-ta_arm64/lib/libmbedtls.a(bignum.o)
 .debug_info    0x0000000000015c17     0x106a /home/nick2/optee-dependencies/Jetson_Linux_R35.4.1_aarch64/Linux_for_Tegra/sources/tegra/optee-src/nv-optee/optee/build/t234/export-ta_arm64/lib/libmbedtls.a(constant_time.o)
 .debug_info    0x0000000000016c81      0x15b /home/nick2/optee-dependencies/Jetson_Linux_R35.4.1_aarch64/Linux_for_Tegra/sources/tegra/optee-src/nv-optee/optee/build/t234/export-ta_arm64/lib/libmbedtls.a(platform_util.o)
 .debug_info    0x0000000000016ddc     0x274f /home/nick2/optee-dependencies/Jetson_Linux_R35.4.1_aarch64/Linux_for_Tegra/sources/tegra/optee-src/nv-optee/optee/build/t234/export-ta_arm64/lib/libutils.a(bget_malloc.o)
 .debug_info    0x000000000001952b      0x2b5 /home/nick2/optee-dependencies/Jetson_Linux_R35.4.1_aarch64/Linux_for_Tegra/sources/tegra/optee-src/nv-optee/optee/build/t234/export-ta_arm64/lib/libutils.a(snprintf.o)
 .debug_info    0x00000000000197e0      0x103 /home/nick2/optee-dependencies/Jetson_Linux_R35.4.1_aarch64/Linux_for_Tegra/sources/tegra/optee-src/nv-optee/optee/build/t234/export-ta_arm64/lib/libutils.a(memmove.o)
 .debug_info    0x00000000000198e3       0xd6 /home/nick2/optee-dependencies/Jetson_Linux_R35.4.1_aarch64/Linux_for_Tegra/sources/tegra/optee-src/nv-optee/optee/build/t234/export-ta_arm64/lib/libutils.a(memset.o)
 .debug_info    0x00000000000199b9       0xb7 /home/nick2/optee-dependencies/Jetson_Linux_R35.4.1_aarch64/Linux_for_Tegra/sources/tegra/optee-src/nv-optee/optee/build/t234/export-ta_arm64/lib/libutils.a(strcmp.o)
 .debug_info    0x0000000000019a70      0x12b /home/nick2/optee-dependencies/Jetson_Linux_R35.4.1_aarch64/Linux_for_Tegra/sources/tegra/optee-src/nv-optee/optee/build/t234/export-ta_arm64/lib/libutils.a(strlcpy.o)
 .debug_info    0x0000000000019b9b      0x6dc /home/nick2/optee-dependencies/Jetson_Linux_R35.4.1_aarch64/Linux_for_Tegra/sources/tegra/optee-src/nv-optee/optee/build/t234/export-ta_arm64/lib/libutils.a(mempool.o)
 .debug_info    0x000000000001a277      0x13b /home/nick2/optee-dependencies/Jetson_Linux_R35.4.1_aarch64/Linux_for_Tegra/sources/tegra/optee-src/nv-optee/optee/build/t234/export-ta_arm64/lib/libutils.a(consttime_memcmp.o)

.debug_abbrev   0x0000000000000000     0x431b
 .debug_abbrev  0x0000000000000000      0x245 ./hello_world_ta.o
 .debug_abbrev  0x0000000000000245      0x280 ./user_ta_header.o
 .debug_abbrev  0x00000000000004c5      0x282 /home/nick2/optee-dependencies/Jetson_Linux_R35.4.1_aarch64/Linux_for_Tegra/sources/tegra/optee-src/nv-optee/optee/build/t234/export-ta_arm64/lib/libutils.a(trace.o)
 .debug_abbrev  0x0000000000000747       0xc5 /home/nick2/optee-dependencies/Jetson_Linux_R35.4.1_aarch64/Linux_for_Tegra/sources/tegra/optee-src/nv-optee/optee/build/t234/export-ta_arm64/lib/libutils.a(stack_check.o)
 .debug_abbrev  0x000000000000080c       0xb8 /home/nick2/optee-dependencies/Jetson_Linux_R35.4.1_aarch64/Linux_for_Tegra/sources/tegra/optee-src/nv-optee/optee/build/t234/export-ta_arm64/lib/libutils.a(memcpy.o)
 .debug_abbrev  0x00000000000008c4      0x2db /home/nick2/optee-dependencies/Jetson_Linux_R35.4.1_aarch64/Linux_for_Tegra/sources/tegra/optee-src/nv-optee/optee/build/t234/export-ta_arm64/lib/libutils.a(snprintk.o)
 .debug_abbrev  0x0000000000000b9f       0xb2 /home/nick2/optee-dependencies/Jetson_Linux_R35.4.1_aarch64/Linux_for_Tegra/sources/tegra/optee-src/nv-optee/optee/build/t234/export-ta_arm64/lib/libutils.a(memchr.o)
 .debug_abbrev  0x0000000000000c51       0x87 /home/nick2/optee-dependencies/Jetson_Linux_R35.4.1_aarch64/Linux_for_Tegra/sources/tegra/optee-src/nv-optee/optee/build/t234/export-ta_arm64/lib/libutils.a(strlen.o)
 .debug_abbrev  0x0000000000000cd8      0x1b5 /home/nick2/optee-dependencies/Jetson_Linux_R35.4.1_aarch64/Linux_for_Tegra/sources/tegra/optee-src/nv-optee/optee/build/t234/export-ta_arm64/lib/libutee.a(trace_ext.o)
 .debug_abbrev  0x0000000000000e8d      0x51d /home/nick2/optee-dependencies/Jetson_Linux_R35.4.1_aarch64/Linux_for_Tegra/sources/tegra/optee-src/nv-optee/optee/build/t234/export-ta_arm64/lib/libutee.a(user_ta_entry.o)
 .debug_abbrev  0x00000000000013aa      0x1c4 /home/nick2/optee-dependencies/Jetson_Linux_R35.4.1_aarch64/Linux_for_Tegra/sources/tegra/optee-src/nv-optee/optee/build/t234/export-ta_arm64/lib/libutee.a(user_ta_entry_compat.o)
 .debug_abbrev  0x000000000000156e       0x12 /home/nick2/optee-dependencies/Jetson_Linux_R35.4.1_aarch64/Linux_for_Tegra/sources/tegra/optee-src/nv-optee/optee/build/t234/export-ta_arm64/lib/libutee.a(utee_syscalls_a64.o)
 .debug_abbrev  0x0000000000001580       0xdd /home/nick2/optee-dependencies/Jetson_Linux_R35.4.1_aarch64/Linux_for_Tegra/sources/tegra/optee-src/nv-optee/optee/build/t234/export-ta_arm64/lib/libutee.a(abort.o)
 .debug_abbrev  0x000000000000165d      0x4e6 /home/nick2/optee-dependencies/Jetson_Linux_R35.4.1_aarch64/Linux_for_Tegra/sources/tegra/optee-src/nv-optee/optee/build/t234/export-ta_arm64/lib/libutee.a(tee_api.o)
 .debug_abbrev  0x0000000000001b43      0x4f2 /home/nick2/optee-dependencies/Jetson_Linux_R35.4.1_aarch64/Linux_for_Tegra/sources/tegra/optee-src/nv-optee/optee/build/t234/export-ta_arm64/lib/libutee.a(tee_api_arith_mpi.o)
 .debug_abbrev  0x0000000000002035      0x1f9 /home/nick2/optee-dependencies/Jetson_Linux_R35.4.1_aarch64/Linux_for_Tegra/sources/tegra/optee-src/nv-optee/optee/build/t234/export-ta_arm64/lib/libutee.a(tee_api_panic.o)
 .debug_abbrev  0x000000000000222e      0x328 /home/nick2/optee-dependencies/Jetson_Linux_R35.4.1_aarch64/Linux_for_Tegra/sources/tegra/optee-src/nv-optee/optee/build/t234/export-ta_arm64/lib/libutee.a(tee_api_property.o)
 .debug_abbrev  0x0000000000002556      0x284 /home/nick2/optee-dependencies/Jetson_Linux_R35.4.1_aarch64/Linux_for_Tegra/sources/tegra/optee-src/nv-optee/optee/build/t234/export-ta_arm64/lib/libutee.a(tee_system_pta.o)
 .debug_abbrev  0x00000000000027da      0x2d5 /home/nick2/optee-dependencies/Jetson_Linux_R35.4.1_aarch64/Linux_for_Tegra/sources/tegra/optee-src/nv-optee/optee/build/t234/export-ta_arm64/lib/libutee.a(tcb.o)
 .debug_abbrev  0x0000000000002aaf       0xef /home/nick2/optee-dependencies/Jetson_Linux_R35.4.1_aarch64/Linux_for_Tegra/sources/tegra/optee-src/nv-optee/optee/build/t234/export-ta_arm64/lib/libutee.a(assert.o)
 .debug_abbrev  0x0000000000002b9e      0x1a3 /home/nick2/optee-dependencies/Jetson_Linux_R35.4.1_aarch64/Linux_for_Tegra/sources/tegra/optee-src/nv-optee/optee/build/t234/export-ta_arm64/lib/libutee.a(base64.o)
 .debug_abbrev  0x0000000000002d41      0x5ab /home/nick2/optee-dependencies/Jetson_Linux_R35.4.1_aarch64/Linux_for_Tegra/sources/tegra/optee-src/nv-optee/optee/build/t234/export-ta_arm64/lib/libmbedtls.a(bignum.o)
 .debug_abbrev  0x00000000000032ec      0x38f /home/nick2/optee-dependencies/Jetson_Linux_R35.4.1_aarch64/Linux_for_Tegra/sources/tegra/optee-src/nv-optee/optee/build/t234/export-ta_arm64/lib/libmbedtls.a(constant_time.o)
 .debug_abbrev  0x000000000000367b       0xdf /home/nick2/optee-dependencies/Jetson_Linux_R35.4.1_aarch64/Linux_for_Tegra/sources/tegra/optee-src/nv-optee/optee/build/t234/export-ta_arm64/lib/libmbedtls.a(platform_util.o)
 .debug_abbrev  0x000000000000375a      0x4c1 /home/nick2/optee-dependencies/Jetson_Linux_R35.4.1_aarch64/Linux_for_Tegra/sources/tegra/optee-src/nv-optee/optee/build/t234/export-ta_arm64/lib/libutils.a(bget_malloc.o)
 .debug_abbrev  0x0000000000003c1b      0x16c /home/nick2/optee-dependencies/Jetson_Linux_R35.4.1_aarch64/Linux_for_Tegra/sources/tegra/optee-src/nv-optee/optee/build/t234/export-ta_arm64/lib/libutils.a(snprintf.o)
 .debug_abbrev  0x0000000000003d87       0xa4 /home/nick2/optee-dependencies/Jetson_Linux_R35.4.1_aarch64/Linux_for_Tegra/sources/tegra/optee-src/nv-optee/optee/build/t234/export-ta_arm64/lib/libutils.a(memmove.o)
 .debug_abbrev  0x0000000000003e2b       0xa3 /home/nick2/optee-dependencies/Jetson_Linux_R35.4.1_aarch64/Linux_for_Tegra/sources/tegra/optee-src/nv-optee/optee/build/t234/export-ta_arm64/lib/libutils.a(memset.o)
 .debug_abbrev  0x0000000000003ece       0x6f /home/nick2/optee-dependencies/Jetson_Linux_R35.4.1_aarch64/Linux_for_Tegra/sources/tegra/optee-src/nv-optee/optee/build/t234/export-ta_arm64/lib/libutils.a(strcmp.o)